stride param (ebp+0x18) = -32
stride global (0x3AC2D05) = 0
LIVE PRED_TABLE at 0x3AC2D0D (runtime), 64 entries:
0 0
1 -6
2 -5
3 -4
4 -3
5 -2
6 128
7 129
8 130
9 131
10 132
11 133
12 134
13 122
14 123
15 124
16 125
17 126
18 127
19 96
20 97
21 98
22 99
23 100
24 101
25 102
26 90
27 91
28 92
29 93
30 94
31 95
32 64
33 65
34 66
35 67
36 68
37 69
38 70
39 58
40 59
41 60
42 61
43 62
44 63
45 26
46 27
47 28
48 29
49 30
50 0
51 0
52 0
53 0
54 1090519040
55 1919251315
56 1852795252
57 1931814944
58 1634082857
59 1684368489
60 544106784
61 577971490
62 544108320
63 1701734764
