***  Installation Started 09/08/26 13:37  ***
Title: 
Source: C:\DOCUME~1\ADMINI~1\LOCALS~1\Temp\GLFF.tmp\GROUND~1.EXE
Made Dir: .\GroundZero
File Copy: .\GroundZero\ICON.ICO
File Copy: .\GroundZero\content.zip
File Copy: .\GroundZero\custom.wse
File Copy: .\GroundZero\ver.txt
File Copy: .\GroundZero\custup.wse
File Copy: .\GroundZero\groundzero.world
File Copy: .\GroundZero\gamma.worldsmarks
File Copy: .\GroundZero\groundzero-map.gif
File Copy: .\GroundZero\groundzero-map.inf
File Copy: .\GroundZero\groundzero.music
Made Dir: .\GroundZero\wav
File Copy: .\GroundZero\wav\WS_FTP.LOG
File Copy: .\GroundZero\wav\Glee3.asf
File Copy: .\GroundZero\wav\Glee3.mid
File Copy: .\GroundZero\wav\Liondoor.wav
File Copy: .\GroundZero\wav\S.wav
Made Dir: .\GroundZero\tex
File Copy: .\GroundZero\tex\basket.rwx
File Copy: .\GroundZero\tex\billb1.rwx
File Copy: .\GroundZero\tex\cactus1.rwx
File Copy: .\GroundZero\tex\cave1.rwx
File Copy: .\GroundZero\tex\coke1.rwx
File Copy: .\GroundZero\tex\earch.rwx
File Copy: .\GroundZero\tex\Frame.rwx
File Copy: .\GroundZero\tex\juke1c.rwx
File Copy: .\GroundZero\tex\gate2.rwx
File Copy: .\GroundZero\tex\gate3.rwx
File Copy: .\GroundZero\tex\hubceil1b.rwx
File Copy: .\GroundZero\tex\hubceil1c.rwx
File Copy: .\GroundZero\tex\hubflr1a.rwx
File Copy: .\GroundZero\tex\hubtop.rwx
File Copy: .\GroundZero\tex\kedge.rwx
File Copy: .\GroundZero\tex\kioskbase.rwx
File Copy: .\GroundZero\tex\logo.RWX
File Copy: .\GroundZero\tex\Pceil.rwx
File Copy: .\GroundZero\tex\Pceil1.rwx
File Copy: .\GroundZero\tex\pilar.rwx
File Copy: .\GroundZero\tex\plane.rwx
File Copy: .\GroundZero\tex\post1a.rwx
File Copy: .\GroundZero\tex\post1b.rwx
File Copy: .\GroundZero\tex\rtbkft.rwx
File Copy: .\GroundZero\tex\post1c.rwx
File Copy: .\GroundZero\tex\post6.rwx
File Copy: .\GroundZero\tex\road_01.rwx
File Copy: .\GroundZero\tex\rock1.rwx
File Copy: .\GroundZero\tex\rock2.rwx
File Copy: .\GroundZero\tex\roof.rwx
File Copy: .\GroundZero\tex\sidec1.rwx
File Copy: .\GroundZero\tex\sidec1M.rwx
File Copy: .\GroundZero\tex\sideh1.rwx
File Copy: .\GroundZero\tex\sideh12.rwx
File Copy: .\GroundZero\tex\sideh12m.rwx
File Copy: .\GroundZero\tex\sideh1m.rwx
File Copy: .\GroundZero\tex\sideh21.rwx
File Copy: .\GroundZero\tex\sideh21M.rwx
File Copy: .\GroundZero\tex\sideh22.rwx
File Copy: .\GroundZero\tex\vendtop.rwx
File Copy: .\GroundZero\tex\sideh22M.rwx
File Copy: .\GroundZero\tex\sideh3.rwx
File Copy: .\GroundZero\tex\spin.rwx
File Copy: .\GroundZero\tex\stand.rwx
File Copy: .\GroundZero\tex\stmite1.rwx
File Copy: .\GroundZero\tex\stmite1a.rwx
File Copy: .\GroundZero\tex\WS_FTP.LOG
File Copy: .\GroundZero\tex\grill.RWX
File Copy: .\GroundZero\tex\yard_table.RWX
File Copy: .\GroundZero\tex\rampsider.rwx
File Copy: .\GroundZero\tex\rampsidel.rwx
File Copy: .\GroundZero\tex\cokecan.rwx
File Copy: .\GroundZero\tex\cooler_1.rwx
File Copy: .\GroundZero\tex\bottle1.rwx
File Copy: .\GroundZero\tex\accesories_group.RWX
File Copy: .\GroundZero\tex\fork.RWX
File Copy: .\GroundZero\tex\spatula.RWX
File Copy: .\GroundZero\tex\steak.RWX
File Copy: .\GroundZero\tex\tongs.RWX
File Copy: .\GroundZero\tex\umbrella.RWX
INI File: .\WORLDS.INI
INI Sect: InstalledWorlds
INI Item: MaxInstalledWorlds
INI Val: 0
INI File: .\WORLDS.INI
INI Sect: InstalledWorlds
INI Item: InstalledWorld0
INI Val: 
INI File: .\WORLDS.INI
INI Sect: InstalledWorlds
INI Item: InstalledWorld0
INI Val: GroundZero
