***  Installation Started 09/08/26 13:36  ***
Title: WorldsPlayer Installation
Source: C:\DOCUME~1\ADMINI~1\LOCALS~1\Temp\GLFF.tmp\first.exe
File Copy: C:\Documents and Settings\All Users\Documents\packet.num
File Copy: C:\Documents and Settings\All Users\Documents\Actb.gif
File Copy: C:\Documents and Settings\All Users\Documents\Actm.gif
File Copy: C:\Documents and Settings\All Users\Documents\Actt.gif
File Copy: C:\Documents and Settings\All Users\Documents\ad.world
File Copy: C:\Documents and Settings\All Users\Documents\adframe.cmp
File Copy: C:\Documents and Settings\All Users\Documents\adworlds.cmp
File Copy: C:\Documents and Settings\All Users\Documents\avatar.rwg
File Copy: C:\Documents and Settings\All Users\Documents\back.gif
File Copy: C:\Documents and Settings\All Users\Documents\changeav.gif
File Copy: C:\Documents and Settings\All Users\Documents\COPY.GIF
File Copy: C:\Documents and Settings\All Users\Documents\CUT.GIF
File Copy: C:\Documents and Settings\All Users\Documents\default.gif
File Copy: C:\Documents and Settings\All Users\Documents\default.mov
File Copy: C:\Documents and Settings\All Users\Documents\DRAG.CUR
File Copy: C:\Documents and Settings\All Users\Documents\drive.gif
File Copy: C:\Documents and Settings\All Users\Documents\dummy.wav
File Copy: C:\Documents and Settings\All Users\Documents\Dyrwtq.gif
File Copy: C:\Documents and Settings\All Users\Documents\Explore.gif
File Copy: C:\Documents and Settings\All Users\Documents\filter.dat
File Copy: C:\Documents and Settings\All Users\Documents\Friends.gif
File Copy: C:\Documents and Settings\All Users\Documents\HAND-M.CUR
File Copy: C:\Documents and Settings\All Users\Documents\hangon.gif
File Copy: C:\Documents and Settings\All Users\Documents\HTRANS.GIF
File Copy: C:\Documents and Settings\All Users\Documents\icon.ico
File Copy: C:\Documents and Settings\All Users\Documents\idle.cmp
File Copy: C:\Documents and Settings\All Users\Documents\idle.rwg
File Copy: C:\Documents and Settings\All Users\Documents\MessagesBundle.properties
File Copy: C:\Documents and Settings\All Users\Documents\Mfriends.gif
File Copy: C:\Documents and Settings\All Users\Documents\moreinfo.gif
File Copy: C:\Documents and Settings\All Users\Documents\NewWorld.world
File Copy: C:\Documents and Settings\All Users\Documents\notavail.gif
File Copy: C:\Documents and Settings\All Users\Documents\Opnscrnc.gif
File Copy: C:\Documents and Settings\All Users\Documents\PASTE.GIF
File Copy: C:\Documents and Settings\All Users\Documents\PITCH.GIF
File Copy: C:\Documents and Settings\All Users\Documents\Pwc.gif
File Copy: C:\Documents and Settings\All Users\Documents\Quit.gif
File Copy: C:\Documents and Settings\All Users\Documents\redir.txt
File Copy: C:\Documents and Settings\All Users\Documents\ROLL.GIF
File Copy: C:\Documents and Settings\All Users\Documents\Rtpanel.gif
File Copy: C:\Documents and Settings\All Users\Documents\run.exe
File Copy: C:\Documents and Settings\All Users\Documents\RW.PAL
File Copy: C:\Documents and Settings\All Users\Documents\SAVE.GIF
File Copy: C:\Documents and Settings\All Users\Documents\SCALE.GIF
File Copy: C:\Documents and Settings\All Users\Documents\sfmain.exe
File Copy: C:\Documents and Settings\All Users\Documents\UNDO.GIF
File Copy: C:\Documents and Settings\All Users\Documents\universe.jpg
File Copy: C:\Documents and Settings\All Users\Documents\VTRANS.GIF
File Copy: C:\Documents and Settings\All Users\Documents\wlogo.gif
File Copy: C:\Documents and Settings\All Users\Documents\worlds.dst
File Copy: C:\Documents and Settings\All Users\Documents\YAW.GIF
File Copy: C:\Documents and Settings\All Users\Documents\actions.dat
Made Dir: C:\Documents and Settings\All Users\Documents\lib
File Copy: C:\Documents and Settings\All Users\Documents\lib\gammacls.zip
File Copy: C:\Documents and Settings\All Users\Documents\lib\i18ncls.zip
File Copy: C:\Documents and Settings\All Users\Documents\lib\rt.jar
File Copy: C:\Documents and Settings\All Users\Documents\lib\awt.properties
File Copy: C:\Documents and Settings\All Users\Documents\lib\content-types.properties
File Copy: C:\Documents and Settings\All Users\Documents\lib\flavormap.properties
File Copy: C:\Documents and Settings\All Users\Documents\lib\font.properties
File Copy: C:\Documents and Settings\All Users\Documents\lib\font.properties.ar
File Copy: C:\Documents and Settings\All Users\Documents\lib\font.properties.iw
File Copy: C:\Documents and Settings\All Users\Documents\lib\font.properties.ja
File Copy: C:\Documents and Settings\All Users\Documents\lib\font.properties.ko
File Copy: C:\Documents and Settings\All Users\Documents\lib\font.properties.ru
File Copy: C:\Documents and Settings\All Users\Documents\lib\font.properties.th
File Copy: C:\Documents and Settings\All Users\Documents\lib\font.properties.zh
File Copy: C:\Documents and Settings\All Users\Documents\lib\font.properties.zh.NT4.0
File Copy: C:\Documents and Settings\All Users\Documents\lib\font.properties.zh_TW
File Copy: C:\Documents and Settings\All Users\Documents\lib\javac.properties
File Copy: C:\Documents and Settings\All Users\Documents\lib\rmic.properties
File Copy: C:\Documents and Settings\All Users\Documents\lib\serialver.properties
File Copy: C:\Documents and Settings\All Users\Documents\lib\tzmappings
Made Dir: C:\Documents and Settings\All Users\Documents\lib\CVS
File Copy: C:\Documents and Settings\All Users\Documents\lib\CVS\Entries
File Copy: C:\Documents and Settings\All Users\Documents\lib\CVS\Repository
File Copy: C:\Documents and Settings\All Users\Documents\lib\CVS\Root
Made Dir: C:\Documents and Settings\All Users\Documents\lib\security
File Copy: C:\Documents and Settings\All Users\Documents\lib\security\java.security
Made Dir: C:\Documents and Settings\All Users\Documents\lib\security\CVS
File Copy: C:\Documents and Settings\All Users\Documents\lib\security\CVS\Entries
File Copy: C:\Documents and Settings\All Users\Documents\lib\security\CVS\Repository
File Copy: C:\Documents and Settings\All Users\Documents\lib\security\CVS\Root
Made Dir: C:\Documents and Settings\All Users\Documents\lib\i386
File Copy: C:\Documents and Settings\All Users\Documents\lib\i386\jvm.cfg
Made Dir: C:\Documents and Settings\All Users\Documents\lib\i386\CVS
File Copy: C:\Documents and Settings\All Users\Documents\lib\i386\CVS\Root
File Copy: C:\Documents and Settings\All Users\Documents\lib\i386\CVS\Repository
File Copy: C:\Documents and Settings\All Users\Documents\lib\i386\CVS\Entries
Made Dir: C:\Documents and Settings\All Users\Documents\lib\zi
File Copy: C:\Documents and Settings\All Users\Documents\lib\zi\CET
File Copy: C:\Documents and Settings\All Users\Documents\lib\zi\EET
File Copy: C:\Documents and Settings\All Users\Documents\lib\zi\GMT
File Copy: C:\Documents and Settings\All Users\Documents\lib\zi\MET
File Copy: C:\Documents and Settings\All Users\Documents\lib\zi\WET
File Copy: C:\Documents and Settings\All Users\Documents\lib\zi\ZoneInfoMappings
Made Dir: C:\Documents and Settings\All Users\Documents\lib\zi\Pacific
File Copy: C:\Documents and Settings\All Users\Documents\lib\zi\Pacific\Apia
File Copy: C:\Documents and Settings\All Users\Documents\lib\zi\Pacific\Auckland
File Copy: C:\Documents and Settings\All Users\Documents\lib\zi\Pacific\Chatham
File Copy: C:\Documents and Settings\All Users\Documents\lib\zi\Pacific\Easter
File Copy: C:\Documents and Settings\All Users\Documents\lib\zi\Pacific\Efate
File Copy: C:\Documents and Settings\All Users\Documents\lib\zi\Pacific\Enderbury
File Copy: C:\Documents and Settings\All Users\Documents\lib\zi\Pacific\Fakaofo
File Copy: C:\Documents and Settings\All Users\Documents\lib\zi\Pacific\Fiji
File Copy: C:\Documents and Settings\All Users\Documents\lib\zi\Pacific\Funafuti
File Copy: C:\Documents and Settings\All Users\Documents\lib\zi\Pacific\Galapagos
File Copy: C:\Documents and Settings\All Users\Documents\lib\zi\Pacific\Gambier
File Copy: C:\Documents and Settings\All Users\Documents\lib\zi\Pacific\Guadalcanal
File Copy: C:\Documents and Settings\All Users\Documents\lib\zi\Pacific\Guam
File Copy: C:\Documents and Settings\All Users\Documents\lib\zi\Pacific\Honolulu
File Copy: C:\Documents and Settings\All Users\Documents\lib\zi\Pacific\Johnston
File Copy: C:\Documents and Settings\All Users\Documents\lib\zi\Pacific\Kiritimati
File Copy: C:\Documents and Settings\All Users\Documents\lib\zi\Pacific\Kosrae
File Copy: C:\Documents and Settings\All Users\Documents\lib\zi\Pacific\Kwajalein
File Copy: C:\Documents and Settings\All Users\Documents\lib\zi\Pacific\Majuro
File Copy: C:\Documents and Settings\All Users\Documents\lib\zi\Pacific\Marquesas
File Copy: C:\Documents and Settings\All Users\Documents\lib\zi\Pacific\Midway
File Copy: C:\Documents and Settings\All Users\Documents\lib\zi\Pacific\Nauru
File Copy: C:\Documents and Settings\All Users\Documents\lib\zi\Pacific\Niue
File Copy: C:\Documents and Settings\All Users\Documents\lib\zi\Pacific\Norfolk
File Copy: C:\Documents and Settings\All Users\Documents\lib\zi\Pacific\Noumea
File Copy: C:\Documents and Settings\All Users\Documents\lib\zi\Pacific\Pago_Pago
File Copy: C:\Documents and Settings\All Users\Documents\lib\zi\Pacific\Palau
File Copy: C:\Documents and Settings\All Users\Documents\lib\zi\Pacific\Pitcairn
File Copy: C:\Documents and Settings\All Users\Documents\lib\zi\Pacific\Ponape
File Copy: C:\Documents and Settings\All Users\Documents\lib\zi\Pacific\Port_Moresby
File Copy: C:\Documents and Settings\All Users\Documents\lib\zi\Pacific\Rarotonga
File Copy: C:\Documents and Settings\All Users\Documents\lib\zi\Pacific\Saipan
File Copy: C:\Documents and Settings\All Users\Documents\lib\zi\Pacific\Tahiti
File Copy: C:\Documents and Settings\All Users\Documents\lib\zi\Pacific\Tarawa
File Copy: C:\Documents and Settings\All Users\Documents\lib\zi\Pacific\Tongatapu
File Copy: C:\Documents and Settings\All Users\Documents\lib\zi\Pacific\Truk
File Copy: C:\Documents and Settings\All Users\Documents\lib\zi\Pacific\Wake
File Copy: C:\Documents and Settings\All Users\Documents\lib\zi\Pacific\Wallis
File Copy: C:\Documents and Settings\All Users\Documents\lib\zi\Pacific\Yap
Made Dir: C:\Documents and Settings\All Users\Documents\lib\zi\Pacific\CVS
File Copy: C:\Documents and Settings\All Users\Documents\lib\zi\Pacific\CVS\Root
File Copy: C:\Documents and Settings\All Users\Documents\lib\zi\Pacific\CVS\Repository
File Copy: C:\Documents and Settings\All Users\Documents\lib\zi\Pacific\CVS\Entries
Made Dir: C:\Documents and Settings\All Users\Documents\lib\zi\Indian
File Copy: C:\Documents and Settings\All Users\Documents\lib\zi\Indian\Antananarivo
File Copy: C:\Documents and Settings\All Users\Documents\lib\zi\Indian\Chagos
File Copy: C:\Documents and Settings\All Users\Documents\lib\zi\Indian\Christmas
File Copy: C:\Documents and Settings\All Users\Documents\lib\zi\Indian\Cocos
File Copy: C:\Documents and Settings\All Users\Documents\lib\zi\Indian\Comoro
File Copy: C:\Documents and Settings\All Users\Documents\lib\zi\Indian\Kerguelen
File Copy: C:\Documents and Settings\All Users\Documents\lib\zi\Indian\Mahe
File Copy: C:\Documents and Settings\All Users\Documents\lib\zi\Indian\Maldives
File Copy: C:\Documents and Settings\All Users\Documents\lib\zi\Indian\Mauritius
File Copy: C:\Documents and Settings\All Users\Documents\lib\zi\Indian\Mayotte
File Copy: C:\Documents and Settings\All Users\Documents\lib\zi\Indian\Reunion
Made Dir: C:\Documents and Settings\All Users\Documents\lib\zi\Indian\CVS
File Copy: C:\Documents and Settings\All Users\Documents\lib\zi\Indian\CVS\Root
File Copy: C:\Documents and Settings\All Users\Documents\lib\zi\Indian\CVS\Repository
File Copy: C:\Documents and Settings\All Users\Documents\lib\zi\Indian\CVS\Entries
Made Dir: C:\Documents and Settings\All Users\Documents\lib\zi\Europe
File Copy: C:\Documents and Settings\All Users\Documents\lib\zi\Europe\Amsterdam
File Copy: C:\Documents and Settings\All Users\Documents\lib\zi\Europe\Andorra
File Copy: C:\Documents and Settings\All Users\Documents\lib\zi\Europe\Athens
File Copy: C:\Documents and Settings\All Users\Documents\lib\zi\Europe\Belfast
File Copy: C:\Documents and Settings\All Users\Documents\lib\zi\Europe\Belgrade
File Copy: C:\Documents and Settings\All Users\Documents\lib\zi\Europe\Berlin
File Copy: C:\Documents and Settings\All Users\Documents\lib\zi\Europe\Brussels
File Copy: C:\Documents and Settings\All Users\Documents\lib\zi\Europe\Bucharest
File Copy: C:\Documents and Settings\All Users\Documents\lib\zi\Europe\Budapest
File Copy: C:\Documents and Settings\All Users\Documents\lib\zi\Europe\Chisinau
File Copy: C:\Documents and Settings\All Users\Documents\lib\zi\Europe\Copenhagen
File Copy: C:\Documents and Settings\All Users\Documents\lib\zi\Europe\Dublin
File Copy: C:\Documents and Settings\All Users\Documents\lib\zi\Europe\Gibraltar
File Copy: C:\Documents and Settings\All Users\Documents\lib\zi\Europe\Helsinki
File Copy: C:\Documents and Settings\All Users\Documents\lib\zi\Europe\Istanbul
File Copy: C:\Documents and Settings\All Users\Documents\lib\zi\Europe\Kaliningrad
File Copy: C:\Documents and Settings\All Users\Documents\lib\zi\Europe\Kiev
File Copy: C:\Documents and Settings\All Users\Documents\lib\zi\Europe\Lisbon
File Copy: C:\Documents and Settings\All Users\Documents\lib\zi\Europe\London
File Copy: C:\Documents and Settings\All Users\Documents\lib\zi\Europe\Luxembourg
File Copy: C:\Documents and Settings\All Users\Documents\lib\zi\Europe\Madrid
File Copy: C:\Documents and Settings\All Users\Documents\lib\zi\Europe\Malta
File Copy: C:\Documents and Settings\All Users\Documents\lib\zi\Europe\Minsk
File Copy: C:\Documents and Settings\All Users\Documents\lib\zi\Europe\Monaco
File Copy: C:\Documents and Settings\All Users\Documents\lib\zi\Europe\Moscow
File Copy: C:\Documents and Settings\All Users\Documents\lib\zi\Europe\Oslo
File Copy: C:\Documents and Settings\All Users\Documents\lib\zi\Europe\Paris
File Copy: C:\Documents and Settings\All Users\Documents\lib\zi\Europe\Prague
File Copy: C:\Documents and Settings\All Users\Documents\lib\zi\Europe\Riga
File Copy: C:\Documents and Settings\All Users\Documents\lib\zi\Europe\Rome
File Copy: C:\Documents and Settings\All Users\Documents\lib\zi\Europe\Samara
File Copy: C:\Documents and Settings\All Users\Documents\lib\zi\Europe\Simferopol
File Copy: C:\Documents and Settings\All Users\Documents\lib\zi\Europe\Sofia
File Copy: C:\Documents and Settings\All Users\Documents\lib\zi\Europe\Stockholm
File Copy: C:\Documents and Settings\All Users\Documents\lib\zi\Europe\Tallinn
File Copy: C:\Documents and Settings\All Users\Documents\lib\zi\Europe\Tirane
File Copy: C:\Documents and Settings\All Users\Documents\lib\zi\Europe\Uzhgorod
File Copy: C:\Documents and Settings\All Users\Documents\lib\zi\Europe\Vaduz
File Copy: C:\Documents and Settings\All Users\Documents\lib\zi\Europe\Vienna
File Copy: C:\Documents and Settings\All Users\Documents\lib\zi\Europe\Vilnius
File Copy: C:\Documents and Settings\All Users\Documents\lib\zi\Europe\Warsaw
File Copy: C:\Documents and Settings\All Users\Documents\lib\zi\Europe\Zaporozhye
File Copy: C:\Documents and Settings\All Users\Documents\lib\zi\Europe\Zurich
Made Dir: C:\Documents and Settings\All Users\Documents\lib\zi\Europe\CVS
File Copy: C:\Documents and Settings\All Users\Documents\lib\zi\Europe\CVS\Root
File Copy: C:\Documents and Settings\All Users\Documents\lib\zi\Europe\CVS\Repository
File Copy: C:\Documents and Settings\All Users\Documents\lib\zi\Europe\CVS\Entries
Made Dir: C:\Documents and Settings\All Users\Documents\lib\zi\Etc
File Copy: C:\Documents and Settings\All Users\Documents\lib\zi\Etc\GMT
File Copy: C:\Documents and Settings\All Users\Documents\lib\zi\Etc\GMT+1
File Copy: C:\Documents and Settings\All Users\Documents\lib\zi\Etc\GMT+10
File Copy: C:\Documents and Settings\All Users\Documents\lib\zi\Etc\GMT+11
File Copy: C:\Documents and Settings\All Users\Documents\lib\zi\Etc\GMT+12
File Copy: C:\Documents and Settings\All Users\Documents\lib\zi\Etc\GMT+2
File Copy: C:\Documents and Settings\All Users\Documents\lib\zi\Etc\GMT+3
File Copy: C:\Documents and Settings\All Users\Documents\lib\zi\Etc\GMT+4
File Copy: C:\Documents and Settings\All Users\Documents\lib\zi\Etc\GMT+5
File Copy: C:\Documents and Settings\All Users\Documents\lib\zi\Etc\GMT+6
File Copy: C:\Documents and Settings\All Users\Documents\lib\zi\Etc\GMT+7
File Copy: C:\Documents and Settings\All Users\Documents\lib\zi\Etc\GMT+8
File Copy: C:\Documents and Settings\All Users\Documents\lib\zi\Etc\GMT+9
File Copy: C:\Documents and Settings\All Users\Documents\lib\zi\Etc\GMT-1
File Copy: C:\Documents and Settings\All Users\Documents\lib\zi\Etc\GMT-10
File Copy: C:\Documents and Settings\All Users\Documents\lib\zi\Etc\GMT-11
File Copy: C:\Documents and Settings\All Users\Documents\lib\zi\Etc\GMT-12
File Copy: C:\Documents and Settings\All Users\Documents\lib\zi\Etc\GMT-13
File Copy: C:\Documents and Settings\All Users\Documents\lib\zi\Etc\GMT-14
File Copy: C:\Documents and Settings\All Users\Documents\lib\zi\Etc\GMT-2
File Copy: C:\Documents and Settings\All Users\Documents\lib\zi\Etc\GMT-3
File Copy: C:\Documents and Settings\All Users\Documents\lib\zi\Etc\GMT-4
File Copy: C:\Documents and Settings\All Users\Documents\lib\zi\Etc\GMT-5
File Copy: C:\Documents and Settings\All Users\Documents\lib\zi\Etc\GMT-6
File Copy: C:\Documents and Settings\All Users\Documents\lib\zi\Etc\GMT-7
File Copy: C:\Documents and Settings\All Users\Documents\lib\zi\Etc\GMT-8
File Copy: C:\Documents and Settings\All Users\Documents\lib\zi\Etc\GMT-9
File Copy: C:\Documents and Settings\All Users\Documents\lib\zi\Etc\UCT
File Copy: C:\Documents and Settings\All Users\Documents\lib\zi\Etc\UTC
Made Dir: C:\Documents and Settings\All Users\Documents\lib\zi\Etc\CVS
File Copy: C:\Documents and Settings\All Users\Documents\lib\zi\Etc\CVS\Root
File Copy: C:\Documents and Settings\All Users\Documents\lib\zi\Etc\CVS\Repository
File Copy: C:\Documents and Settings\All Users\Documents\lib\zi\Etc\CVS\Entries
Made Dir: C:\Documents and Settings\All Users\Documents\lib\zi\Australia
File Copy: C:\Documents and Settings\All Users\Documents\lib\zi\Australia\Adelaide
File Copy: C:\Documents and Settings\All Users\Documents\lib\zi\Australia\Brisbane
File Copy: C:\Documents and Settings\All Users\Documents\lib\zi\Australia\Broken_Hill
File Copy: C:\Documents and Settings\All Users\Documents\lib\zi\Australia\Darwin
File Copy: C:\Documents and Settings\All Users\Documents\lib\zi\Australia\Hobart
File Copy: C:\Documents and Settings\All Users\Documents\lib\zi\Australia\Lindeman
File Copy: C:\Documents and Settings\All Users\Documents\lib\zi\Australia\Lord_Howe
File Copy: C:\Documents and Settings\All Users\Documents\lib\zi\Australia\Melbourne
File Copy: C:\Documents and Settings\All Users\Documents\lib\zi\Australia\Perth
File Copy: C:\Documents and Settings\All Users\Documents\lib\zi\Australia\Sydney
Made Dir: C:\Documents and Settings\All Users\Documents\lib\zi\Australia\CVS
File Copy: C:\Documents and Settings\All Users\Documents\lib\zi\Australia\CVS\Root
File Copy: C:\Documents and Settings\All Users\Documents\lib\zi\Australia\CVS\Repository
File Copy: C:\Documents and Settings\All Users\Documents\lib\zi\Australia\CVS\Entries
Made Dir: C:\Documents and Settings\All Users\Documents\lib\zi\Atlantic
File Copy: C:\Documents and Settings\All Users\Documents\lib\zi\Atlantic\Azores
File Copy: C:\Documents and Settings\All Users\Documents\lib\zi\Atlantic\Bermuda
File Copy: C:\Documents and Settings\All Users\Documents\lib\zi\Atlantic\Canary
File Copy: C:\Documents and Settings\All Users\Documents\lib\zi\Atlantic\Cape_Verde
File Copy: C:\Documents and Settings\All Users\Documents\lib\zi\Atlantic\Faeroe
File Copy: C:\Documents and Settings\All Users\Documents\lib\zi\Atlantic\Madeira
File Copy: C:\Documents and Settings\All Users\Documents\lib\zi\Atlantic\Reykjavik
File Copy: C:\Documents and Settings\All Users\Documents\lib\zi\Atlantic\South_Georgia
File Copy: C:\Documents and Settings\All Users\Documents\lib\zi\Atlantic\Stanley
File Copy: C:\Documents and Settings\All Users\Documents\lib\zi\Atlantic\St_Helena
Made Dir: C:\Documents and Settings\All Users\Documents\lib\zi\Atlantic\CVS
File Copy: C:\Documents and Settings\All Users\Documents\lib\zi\Atlantic\CVS\Root
File Copy: C:\Documents and Settings\All Users\Documents\lib\zi\Atlantic\CVS\Repository
File Copy: C:\Documents and Settings\All Users\Documents\lib\zi\Atlantic\CVS\Entries
Made Dir: C:\Documents and Settings\All Users\Documents\lib\zi\Asia
File Copy: C:\Documents and Settings\All Users\Documents\lib\zi\Asia\Aden
File Copy: C:\Documents and Settings\All Users\Documents\lib\zi\Asia\Almaty
File Copy: C:\Documents and Settings\All Users\Documents\lib\zi\Asia\Amman
File Copy: C:\Documents and Settings\All Users\Documents\lib\zi\Asia\Anadyr
File Copy: C:\Documents and Settings\All Users\Documents\lib\zi\Asia\Aqtau
File Copy: C:\Documents and Settings\All Users\Documents\lib\zi\Asia\Aqtobe
File Copy: C:\Documents and Settings\All Users\Documents\lib\zi\Asia\Ashgabat
File Copy: C:\Documents and Settings\All Users\Documents\lib\zi\Asia\Baghdad
File Copy: C:\Documents and Settings\All Users\Documents\lib\zi\Asia\Bahrain
File Copy: C:\Documents and Settings\All Users\Documents\lib\zi\Asia\Baku
File Copy: C:\Documents and Settings\All Users\Documents\lib\zi\Asia\Bangkok
File Copy: C:\Documents and Settings\All Users\Documents\lib\zi\Asia\Beirut
File Copy: C:\Documents and Settings\All Users\Documents\lib\zi\Asia\Bishkek
File Copy: C:\Documents and Settings\All Users\Documents\lib\zi\Asia\Brunei
File Copy: C:\Documents and Settings\All Users\Documents\lib\zi\Asia\Calcutta
File Copy: C:\Documents and Settings\All Users\Documents\lib\zi\Asia\Choibalsan
File Copy: C:\Documents and Settings\All Users\Documents\lib\zi\Asia\Chongqing
File Copy: C:\Documents and Settings\All Users\Documents\lib\zi\Asia\Colombo
File Copy: C:\Documents and Settings\All Users\Documents\lib\zi\Asia\Damascus
File Copy: C:\Documents and Settings\All Users\Documents\lib\zi\Asia\Dhaka
File Copy: C:\Documents and Settings\All Users\Documents\lib\zi\Asia\Dili
File Copy: C:\Documents and Settings\All Users\Documents\lib\zi\Asia\Dubai
File Copy: C:\Documents and Settings\All Users\Documents\lib\zi\Asia\Dushanbe
File Copy: C:\Documents and Settings\All Users\Documents\lib\zi\Asia\Gaza
File Copy: C:\Documents and Settings\All Users\Documents\lib\zi\Asia\Harbin
File Copy: C:\Documents and Settings\All Users\Documents\lib\zi\Asia\Hong_Kong
File Copy: C:\Documents and Settings\All Users\Documents\lib\zi\Asia\Hovd
File Copy: C:\Documents and Settings\All Users\Documents\lib\zi\Asia\Irkutsk
File Copy: C:\Documents and Settings\All Users\Documents\lib\zi\Asia\Jakarta
File Copy: C:\Documents and Settings\All Users\Documents\lib\zi\Asia\Jayapura
File Copy: C:\Documents and Settings\All Users\Documents\lib\zi\Asia\Jerusalem
File Copy: C:\Documents and Settings\All Users\Documents\lib\zi\Asia\Kabul
File Copy: C:\Documents and Settings\All Users\Documents\lib\zi\Asia\Kamchatka
File Copy: C:\Documents and Settings\All Users\Documents\lib\zi\Asia\Karachi
File Copy: C:\Documents and Settings\All Users\Documents\lib\zi\Asia\Kashgar
File Copy: C:\Documents and Settings\All Users\Documents\lib\zi\Asia\Katmandu
File Copy: C:\Documents and Settings\All Users\Documents\lib\zi\Asia\Krasnoyarsk
File Copy: C:\Documents and Settings\All Users\Documents\lib\zi\Asia\Kuala_Lumpur
File Copy: C:\Documents and Settings\All Users\Documents\lib\zi\Asia\Kuching
File Copy: C:\Documents and Settings\All Users\Documents\lib\zi\Asia\Kuwait
File Copy: C:\Documents and Settings\All Users\Documents\lib\zi\Asia\Macau
File Copy: C:\Documents and Settings\All Users\Documents\lib\zi\Asia\Magadan
File Copy: C:\Documents and Settings\All Users\Documents\lib\zi\Asia\Makassar
File Copy: C:\Documents and Settings\All Users\Documents\lib\zi\Asia\Manila
File Copy: C:\Documents and Settings\All Users\Documents\lib\zi\Asia\Muscat
File Copy: C:\Documents and Settings\All Users\Documents\lib\zi\Asia\Nicosia
File Copy: C:\Documents and Settings\All Users\Documents\lib\zi\Asia\Novosibirsk
File Copy: C:\Documents and Settings\All Users\Documents\lib\zi\Asia\Omsk
File Copy: C:\Documents and Settings\All Users\Documents\lib\zi\Asia\Oral
File Copy: C:\Documents and Settings\All Users\Documents\lib\zi\Asia\Phnom_Penh
File Copy: C:\Documents and Settings\All Users\Documents\lib\zi\Asia\Pontianak
File Copy: C:\Documents and Settings\All Users\Documents\lib\zi\Asia\Pyongyang
File Copy: C:\Documents and Settings\All Users\Documents\lib\zi\Asia\Qatar
File Copy: C:\Documents and Settings\All Users\Documents\lib\zi\Asia\Qyzylorda
File Copy: C:\Documents and Settings\All Users\Documents\lib\zi\Asia\Rangoon
File Copy: C:\Documents and Settings\All Users\Documents\lib\zi\Asia\Riyadh
File Copy: C:\Documents and Settings\All Users\Documents\lib\zi\Asia\Riyadh87
File Copy: C:\Documents and Settings\All Users\Documents\lib\zi\Asia\Riyadh88
File Copy: C:\Documents and Settings\All Users\Documents\lib\zi\Asia\Riyadh89
File Copy: C:\Documents and Settings\All Users\Documents\lib\zi\Asia\Saigon
File Copy: C:\Documents and Settings\All Users\Documents\lib\zi\Asia\Sakhalin
File Copy: C:\Documents and Settings\All Users\Documents\lib\zi\Asia\Samarkand
File Copy: C:\Documents and Settings\All Users\Documents\lib\zi\Asia\Seoul
File Copy: C:\Documents and Settings\All Users\Documents\lib\zi\Asia\Shanghai
File Copy: C:\Documents and Settings\All Users\Documents\lib\zi\Asia\Singapore
File Copy: C:\Documents and Settings\All Users\Documents\lib\zi\Asia\Taipei
File Copy: C:\Documents and Settings\All Users\Documents\lib\zi\Asia\Tashkent
File Copy: C:\Documents and Settings\All Users\Documents\lib\zi\Asia\Tbilisi
File Copy: C:\Documents and Settings\All Users\Documents\lib\zi\Asia\Tehran
File Copy: C:\Documents and Settings\All Users\Documents\lib\zi\Asia\Thimphu
File Copy: C:\Documents and Settings\All Users\Documents\lib\zi\Asia\Tokyo
File Copy: C:\Documents and Settings\All Users\Documents\lib\zi\Asia\Ulaanbaatar
File Copy: C:\Documents and Settings\All Users\Documents\lib\zi\Asia\Urumqi
File Copy: C:\Documents and Settings\All Users\Documents\lib\zi\Asia\Vientiane
File Copy: C:\Documents and Settings\All Users\Documents\lib\zi\Asia\Vladivostok
File Copy: C:\Documents and Settings\All Users\Documents\lib\zi\Asia\Yakutsk
File Copy: C:\Documents and Settings\All Users\Documents\lib\zi\Asia\Yekaterinburg
File Copy: C:\Documents and Settings\All Users\Documents\lib\zi\Asia\Yerevan
Made Dir: C:\Documents and Settings\All Users\Documents\lib\zi\Asia\CVS
File Copy: C:\Documents and Settings\All Users\Documents\lib\zi\Asia\CVS\Root
File Copy: C:\Documents and Settings\All Users\Documents\lib\zi\Asia\CVS\Repository
File Copy: C:\Documents and Settings\All Users\Documents\lib\zi\Asia\CVS\Entries
Made Dir: C:\Documents and Settings\All Users\Documents\lib\zi\Antarctica
File Copy: C:\Documents and Settings\All Users\Documents\lib\zi\Antarctica\Casey
File Copy: C:\Documents and Settings\All Users\Documents\lib\zi\Antarctica\Davis
File Copy: C:\Documents and Settings\All Users\Documents\lib\zi\Antarctica\DumontDUrville
File Copy: C:\Documents and Settings\All Users\Documents\lib\zi\Antarctica\Mawson
File Copy: C:\Documents and Settings\All Users\Documents\lib\zi\Antarctica\McMurdo
File Copy: C:\Documents and Settings\All Users\Documents\lib\zi\Antarctica\Palmer
File Copy: C:\Documents and Settings\All Users\Documents\lib\zi\Antarctica\Rothera
File Copy: C:\Documents and Settings\All Users\Documents\lib\zi\Antarctica\Syowa
File Copy: C:\Documents and Settings\All Users\Documents\lib\zi\Antarctica\Vostok
Made Dir: C:\Documents and Settings\All Users\Documents\lib\zi\Antarctica\CVS
File Copy: C:\Documents and Settings\All Users\Documents\lib\zi\Antarctica\CVS\Root
File Copy: C:\Documents and Settings\All Users\Documents\lib\zi\Antarctica\CVS\Repository
File Copy: C:\Documents and Settings\All Users\Documents\lib\zi\Antarctica\CVS\Entries
Made Dir: C:\Documents and Settings\All Users\Documents\lib\zi\America
File Copy: C:\Documents and Settings\All Users\Documents\lib\zi\America\Adak
File Copy: C:\Documents and Settings\All Users\Documents\lib\zi\America\Anchorage
File Copy: C:\Documents and Settings\All Users\Documents\lib\zi\America\Anguilla
File Copy: C:\Documents and Settings\All Users\Documents\lib\zi\America\Antigua
File Copy: C:\Documents and Settings\All Users\Documents\lib\zi\America\Araguaina
File Copy: C:\Documents and Settings\All Users\Documents\lib\zi\America\Aruba
File Copy: C:\Documents and Settings\All Users\Documents\lib\zi\America\Asuncion
File Copy: C:\Documents and Settings\All Users\Documents\lib\zi\America\Barbados
File Copy: C:\Documents and Settings\All Users\Documents\lib\zi\America\Belem
File Copy: C:\Documents and Settings\All Users\Documents\lib\zi\America\Belize
File Copy: C:\Documents and Settings\All Users\Documents\lib\zi\America\Boa_Vista
File Copy: C:\Documents and Settings\All Users\Documents\lib\zi\America\Bogota
File Copy: C:\Documents and Settings\All Users\Documents\lib\zi\America\Boise
File Copy: C:\Documents and Settings\All Users\Documents\lib\zi\America\Buenos_Aires
File Copy: C:\Documents and Settings\All Users\Documents\lib\zi\America\Cambridge_Bay
File Copy: C:\Documents and Settings\All Users\Documents\lib\zi\America\Cancun
File Copy: C:\Documents and Settings\All Users\Documents\lib\zi\America\Caracas
File Copy: C:\Documents and Settings\All Users\Documents\lib\zi\America\Catamarca
File Copy: C:\Documents and Settings\All Users\Documents\lib\zi\America\Cayenne
File Copy: C:\Documents and Settings\All Users\Documents\lib\zi\America\Cayman
File Copy: C:\Documents and Settings\All Users\Documents\lib\zi\America\Chicago
File Copy: C:\Documents and Settings\All Users\Documents\lib\zi\America\Chihuahua
File Copy: C:\Documents and Settings\All Users\Documents\lib\zi\America\Cordoba
File Copy: C:\Documents and Settings\All Users\Documents\lib\zi\America\Costa_Rica
File Copy: C:\Documents and Settings\All Users\Documents\lib\zi\America\Cuiaba
File Copy: C:\Documents and Settings\All Users\Documents\lib\zi\America\Curacao
File Copy: C:\Documents and Settings\All Users\Documents\lib\zi\America\Danmarkshavn
File Copy: C:\Documents and Settings\All Users\Documents\lib\zi\America\Dawson
File Copy: C:\Documents and Settings\All Users\Documents\lib\zi\America\Dawson_Creek
File Copy: C:\Documents and Settings\All Users\Documents\lib\zi\America\Denver
File Copy: C:\Documents and Settings\All Users\Documents\lib\zi\America\Detroit
File Copy: C:\Documents and Settings\All Users\Documents\lib\zi\America\Dominica
File Copy: C:\Documents and Settings\All Users\Documents\lib\zi\America\Edmonton
File Copy: C:\Documents and Settings\All Users\Documents\lib\zi\America\Eirunepe
File Copy: C:\Documents and Settings\All Users\Documents\lib\zi\America\El_Salvador
File Copy: C:\Documents and Settings\All Users\Documents\lib\zi\America\Fortaleza
File Copy: C:\Documents and Settings\All Users\Documents\lib\zi\America\Glace_Bay
File Copy: C:\Documents and Settings\All Users\Documents\lib\zi\America\Godthab
File Copy: C:\Documents and Settings\All Users\Documents\lib\zi\America\Goose_Bay
File Copy: C:\Documents and Settings\All Users\Documents\lib\zi\America\Grand_Turk
File Copy: C:\Documents and Settings\All Users\Documents\lib\zi\America\Grenada
File Copy: C:\Documents and Settings\All Users\Documents\lib\zi\America\Guadeloupe
File Copy: C:\Documents and Settings\All Users\Documents\lib\zi\America\Guatemala
File Copy: C:\Documents and Settings\All Users\Documents\lib\zi\America\Guayaquil
File Copy: C:\Documents and Settings\All Users\Documents\lib\zi\America\Guyana
File Copy: C:\Documents and Settings\All Users\Documents\lib\zi\America\Halifax
File Copy: C:\Documents and Settings\All Users\Documents\lib\zi\America\Havana
File Copy: C:\Documents and Settings\All Users\Documents\lib\zi\America\Hermosillo
File Copy: C:\Documents and Settings\All Users\Documents\lib\zi\America\Indianapolis
File Copy: C:\Documents and Settings\All Users\Documents\lib\zi\America\Inuvik
File Copy: C:\Documents and Settings\All Users\Documents\lib\zi\America\Iqaluit
File Copy: C:\Documents and Settings\All Users\Documents\lib\zi\America\Jamaica
File Copy: C:\Documents and Settings\All Users\Documents\lib\zi\America\Jujuy
File Copy: C:\Documents and Settings\All Users\Documents\lib\zi\America\Juneau
File Copy: C:\Documents and Settings\All Users\Documents\lib\zi\America\La_Paz
File Copy: C:\Documents and Settings\All Users\Documents\lib\zi\America\Lima
File Copy: C:\Documents and Settings\All Users\Documents\lib\zi\America\Los_Angeles
File Copy: C:\Documents and Settings\All Users\Documents\lib\zi\America\Louisville
File Copy: C:\Documents and Settings\All Users\Documents\lib\zi\America\Maceio
File Copy: C:\Documents and Settings\All Users\Documents\lib\zi\America\Managua
File Copy: C:\Documents and Settings\All Users\Documents\lib\zi\America\Manaus
File Copy: C:\Documents and Settings\All Users\Documents\lib\zi\America\Martinique
File Copy: C:\Documents and Settings\All Users\Documents\lib\zi\America\Mazatlan
File Copy: C:\Documents and Settings\All Users\Documents\lib\zi\America\Mendoza
File Copy: C:\Documents and Settings\All Users\Documents\lib\zi\America\Menominee
File Copy: C:\Documents and Settings\All Users\Documents\lib\zi\America\Merida
File Copy: C:\Documents and Settings\All Users\Documents\lib\zi\America\Mexico_City
File Copy: C:\Documents and Settings\All Users\Documents\lib\zi\America\Miquelon
File Copy: C:\Documents and Settings\All Users\Documents\lib\zi\America\Monterrey
File Copy: C:\Documents and Settings\All Users\Documents\lib\zi\America\Montevideo
File Copy: C:\Documents and Settings\All Users\Documents\lib\zi\America\Montreal
File Copy: C:\Documents and Settings\All Users\Documents\lib\zi\America\Montserrat
File Copy: C:\Documents and Settings\All Users\Documents\lib\zi\America\Nassau
File Copy: C:\Documents and Settings\All Users\Documents\lib\zi\America\New_York
File Copy: C:\Documents and Settings\All Users\Documents\lib\zi\America\Nipigon
File Copy: C:\Documents and Settings\All Users\Documents\lib\zi\America\Nome
File Copy: C:\Documents and Settings\All Users\Documents\lib\zi\America\Noronha
File Copy: C:\Documents and Settings\All Users\Documents\lib\zi\America\Panama
File Copy: C:\Documents and Settings\All Users\Documents\lib\zi\America\Pangnirtung
File Copy: C:\Documents and Settings\All Users\Documents\lib\zi\America\Paramaribo
File Copy: C:\Documents and Settings\All Users\Documents\lib\zi\America\Phoenix
File Copy: C:\Documents and Settings\All Users\Documents\lib\zi\America\Port-au-Prince
File Copy: C:\Documents and Settings\All Users\Documents\lib\zi\America\Porto_Velho
File Copy: C:\Documents and Settings\All Users\Documents\lib\zi\America\Port_of_Spain
File Copy: C:\Documents and Settings\All Users\Documents\lib\zi\America\Puerto_Rico
File Copy: C:\Documents and Settings\All Users\Documents\lib\zi\America\Rainy_River
File Copy: C:\Documents and Settings\All Users\Documents\lib\zi\America\Rankin_Inlet
File Copy: C:\Documents and Settings\All Users\Documents\lib\zi\America\Recife
File Copy: C:\Documents and Settings\All Users\Documents\lib\zi\America\Regina
File Copy: C:\Documents and Settings\All Users\Documents\lib\zi\America\Rio_Branco
File Copy: C:\Documents and Settings\All Users\Documents\lib\zi\America\Santiago
File Copy: C:\Documents and Settings\All Users\Documents\lib\zi\America\Santo_Domingo
File Copy: C:\Documents and Settings\All Users\Documents\lib\zi\America\Sao_Paulo
File Copy: C:\Documents and Settings\All Users\Documents\lib\zi\America\Scoresbysund
File Copy: C:\Documents and Settings\All Users\Documents\lib\zi\America\St_Johns
File Copy: C:\Documents and Settings\All Users\Documents\lib\zi\America\St_Kitts
File Copy: C:\Documents and Settings\All Users\Documents\lib\zi\America\St_Lucia
File Copy: C:\Documents and Settings\All Users\Documents\lib\zi\America\St_Thomas
File Copy: C:\Documents and Settings\All Users\Documents\lib\zi\America\St_Vincent
File Copy: C:\Documents and Settings\All Users\Documents\lib\zi\America\Swift_Current
File Copy: C:\Documents and Settings\All Users\Documents\lib\zi\America\Tegucigalpa
File Copy: C:\Documents and Settings\All Users\Documents\lib\zi\America\Thule
File Copy: C:\Documents and Settings\All Users\Documents\lib\zi\America\Thunder_Bay
File Copy: C:\Documents and Settings\All Users\Documents\lib\zi\America\Tijuana
File Copy: C:\Documents and Settings\All Users\Documents\lib\zi\America\Tortola
File Copy: C:\Documents and Settings\All Users\Documents\lib\zi\America\Vancouver
File Copy: C:\Documents and Settings\All Users\Documents\lib\zi\America\Whitehorse
File Copy: C:\Documents and Settings\All Users\Documents\lib\zi\America\Winnipeg
File Copy: C:\Documents and Settings\All Users\Documents\lib\zi\America\Yakutat
File Copy: C:\Documents and Settings\All Users\Documents\lib\zi\America\Yellowknife
Made Dir: C:\Documents and Settings\All Users\Documents\lib\zi\America\North_Dakota
File Copy: C:\Documents and Settings\All Users\Documents\lib\zi\America\North_Dakota\Center
Made Dir: C:\Documents and Settings\All Users\Documents\lib\zi\America\North_Dakota\CVS
File Copy: C:\Documents and Settings\All Users\Documents\lib\zi\America\North_Dakota\CVS\Root
File Copy: C:\Documents and Settings\All Users\Documents\lib\zi\America\North_Dakota\CVS\Repository
File Copy: C:\Documents and Settings\All Users\Documents\lib\zi\America\North_Dakota\CVS\Entries
Made Dir: C:\Documents and Settings\All Users\Documents\lib\zi\America\Kentucky
File Copy: C:\Documents and Settings\All Users\Documents\lib\zi\America\Kentucky\Monticello
Made Dir: C:\Documents and Settings\All Users\Documents\lib\zi\America\Kentucky\CVS
File Copy: C:\Documents and Settings\All Users\Documents\lib\zi\America\Kentucky\CVS\Root
File Copy: C:\Documents and Settings\All Users\Documents\lib\zi\America\Kentucky\CVS\Repository
File Copy: C:\Documents and Settings\All Users\Documents\lib\zi\America\Kentucky\CVS\Entries
Made Dir: C:\Documents and Settings\All Users\Documents\lib\zi\America\Indiana
File Copy: C:\Documents and Settings\All Users\Documents\lib\zi\America\Indiana\Knox
File Copy: C:\Documents and Settings\All Users\Documents\lib\zi\America\Indiana\Marengo
File Copy: C:\Documents and Settings\All Users\Documents\lib\zi\America\Indiana\Vevay
Made Dir: C:\Documents and Settings\All Users\Documents\lib\zi\America\Indiana\CVS
File Copy: C:\Documents and Settings\All Users\Documents\lib\zi\America\Indiana\CVS\Root
File Copy: C:\Documents and Settings\All Users\Documents\lib\zi\America\Indiana\CVS\Repository
File Copy: C:\Documents and Settings\All Users\Documents\lib\zi\America\Indiana\CVS\Entries
Made Dir: C:\Documents and Settings\All Users\Documents\lib\zi\America\CVS
File Copy: C:\Documents and Settings\All Users\Documents\lib\zi\America\CVS\Root
File Copy: C:\Documents and Settings\All Users\Documents\lib\zi\America\CVS\Repository
File Copy: C:\Documents and Settings\All Users\Documents\lib\zi\America\CVS\Entries
Made Dir: C:\Documents and Settings\All Users\Documents\lib\zi\Africa
File Copy: C:\Documents and Settings\All Users\Documents\lib\zi\Africa\Abidjan
File Copy: C:\Documents and Settings\All Users\Documents\lib\zi\Africa\Accra
File Copy: C:\Documents and Settings\All Users\Documents\lib\zi\Africa\Addis_Ababa
File Copy: C:\Documents and Settings\All Users\Documents\lib\zi\Africa\Algiers
File Copy: C:\Documents and Settings\All Users\Documents\lib\zi\Africa\Asmera
File Copy: C:\Documents and Settings\All Users\Documents\lib\zi\Africa\Bamako
File Copy: C:\Documents and Settings\All Users\Documents\lib\zi\Africa\Bangui
File Copy: C:\Documents and Settings\All Users\Documents\lib\zi\Africa\Banjul
File Copy: C:\Documents and Settings\All Users\Documents\lib\zi\Africa\Bissau
File Copy: C:\Documents and Settings\All Users\Documents\lib\zi\Africa\Blantyre
File Copy: C:\Documents and Settings\All Users\Documents\lib\zi\Africa\Brazzaville
File Copy: C:\Documents and Settings\All Users\Documents\lib\zi\Africa\Bujumbura
File Copy: C:\Documents and Settings\All Users\Documents\lib\zi\Africa\Cairo
File Copy: C:\Documents and Settings\All Users\Documents\lib\zi\Africa\Casablanca
File Copy: C:\Documents and Settings\All Users\Documents\lib\zi\Africa\Ceuta
File Copy: C:\Documents and Settings\All Users\Documents\lib\zi\Africa\Conakry
File Copy: C:\Documents and Settings\All Users\Documents\lib\zi\Africa\Dakar
File Copy: C:\Documents and Settings\All Users\Documents\lib\zi\Africa\Dar_es_Salaam
File Copy: C:\Documents and Settings\All Users\Documents\lib\zi\Africa\Djibouti
File Copy: C:\Documents and Settings\All Users\Documents\lib\zi\Africa\Douala
File Copy: C:\Documents and Settings\All Users\Documents\lib\zi\Africa\El_Aaiun
File Copy: C:\Documents and Settings\All Users\Documents\lib\zi\Africa\Freetown
File Copy: C:\Documents and Settings\All Users\Documents\lib\zi\Africa\Gaborone
File Copy: C:\Documents and Settings\All Users\Documents\lib\zi\Africa\Harare
File Copy: C:\Documents and Settings\All Users\Documents\lib\zi\Africa\Johannesburg
File Copy: C:\Documents and Settings\All Users\Documents\lib\zi\Africa\Kampala
File Copy: C:\Documents and Settings\All Users\Documents\lib\zi\Africa\Khartoum
File Copy: C:\Documents and Settings\All Users\Documents\lib\zi\Africa\Kigali
File Copy: C:\Documents and Settings\All Users\Documents\lib\zi\Africa\Kinshasa
File Copy: C:\Documents and Settings\All Users\Documents\lib\zi\Africa\Lagos
File Copy: C:\Documents and Settings\All Users\Documents\lib\zi\Africa\Libreville
File Copy: C:\Documents and Settings\All Users\Documents\lib\zi\Africa\Lome
File Copy: C:\Documents and Settings\All Users\Documents\lib\zi\Africa\Luanda
File Copy: C:\Documents and Settings\All Users\Documents\lib\zi\Africa\Lubumbashi
File Copy: C:\Documents and Settings\All Users\Documents\lib\zi\Africa\Lusaka
File Copy: C:\Documents and Settings\All Users\Documents\lib\zi\Africa\Malabo
File Copy: C:\Documents and Settings\All Users\Documents\lib\zi\Africa\Maputo
File Copy: C:\Documents and Settings\All Users\Documents\lib\zi\Africa\Maseru
File Copy: C:\Documents and Settings\All Users\Documents\lib\zi\Africa\Mbabane
File Copy: C:\Documents and Settings\All Users\Documents\lib\zi\Africa\Mogadishu
File Copy: C:\Documents and Settings\All Users\Documents\lib\zi\Africa\Monrovia
File Copy: C:\Documents and Settings\All Users\Documents\lib\zi\Africa\Nairobi
File Copy: C:\Documents and Settings\All Users\Documents\lib\zi\Africa\Ndjamena
File Copy: C:\Documents and Settings\All Users\Documents\lib\zi\Africa\Niamey
File Copy: C:\Documents and Settings\All Users\Documents\lib\zi\Africa\Nouakchott
File Copy: C:\Documents and Settings\All Users\Documents\lib\zi\Africa\Ouagadougou
File Copy: C:\Documents and Settings\All Users\Documents\lib\zi\Africa\Porto-Novo
File Copy: C:\Documents and Settings\All Users\Documents\lib\zi\Africa\Sao_Tome
File Copy: C:\Documents and Settings\All Users\Documents\lib\zi\Africa\Timbuktu
File Copy: C:\Documents and Settings\All Users\Documents\lib\zi\Africa\Tripoli
File Copy: C:\Documents and Settings\All Users\Documents\lib\zi\Africa\Tunis
File Copy: C:\Documents and Settings\All Users\Documents\lib\zi\Africa\Windhoek
Made Dir: C:\Documents and Settings\All Users\Documents\lib\zi\Africa\CVS
File Copy: C:\Documents and Settings\All Users\Documents\lib\zi\Africa\CVS\Root
File Copy: C:\Documents and Settings\All Users\Documents\lib\zi\Africa\CVS\Repository
File Copy: C:\Documents and Settings\All Users\Documents\lib\zi\Africa\CVS\Entries
Made Dir: C:\Documents and Settings\All Users\Documents\lib\zi\CVS
File Copy: C:\Documents and Settings\All Users\Documents\lib\zi\CVS\Root
File Copy: C:\Documents and Settings\All Users\Documents\lib\zi\CVS\Repository
File Copy: C:\Documents and Settings\All Users\Documents\lib\zi\CVS\Entries
Made Dir: C:\Documents and Settings\All Users\Documents\bin
File Copy: C:\Documents and Settings\All Users\Documents\bin\JdbcOdbc.dll
File Copy: C:\Documents and Settings\All Users\Documents\bin\awt.dll
File Copy: C:\Documents and Settings\All Users\Documents\bin\cmm.dll
File Copy: C:\Documents and Settings\All Users\Documents\bin\dcpr.dll
File Copy: C:\Documents and Settings\All Users\Documents\bin\fontmanager.dll
File Copy: C:\Documents and Settings\All Users\Documents\bin\hpi.dll
File Copy: C:\Documents and Settings\All Users\Documents\bin\hprof.dll
File Copy: C:\Documents and Settings\All Users\Documents\bin\ioser12.dll
File Copy: C:\Documents and Settings\All Users\Documents\bin\java.dll
File Copy: C:\Documents and Settings\All Users\Documents\bin\java.exe
File Copy: C:\Documents and Settings\All Users\Documents\bin\javaw.exe
File Copy: C:\Documents and Settings\All Users\Documents\bin\jawt.dll
File Copy: C:\Documents and Settings\All Users\Documents\bin\jcov.dll
File Copy: C:\Documents and Settings\All Users\Documents\bin\jpeg.dll
File Copy: C:\Documents and Settings\All Users\Documents\bin\jpishare.dll
File Copy: C:\Documents and Settings\All Users\Documents\bin\jsound.dll
File Copy: C:\Documents and Settings\All Users\Documents\bin\net.dll
File Copy: C:\Documents and Settings\All Users\Documents\bin\verify.dll
File Copy: C:\Documents and Settings\All Users\Documents\bin\zip.dll
File Copy: C:\Documents and Settings\All Users\Documents\bin\axbridge.dll
File Copy: C:\Documents and Settings\All Users\Documents\bin\dt_shmem.dll
File Copy: C:\Documents and Settings\All Users\Documents\bin\dt_socket.dll
File Copy: C:\Documents and Settings\All Users\Documents\bin\eula.dll
File Copy: C:\Documents and Settings\All Users\Documents\bin\jaas_nt.dll
File Copy: C:\Documents and Settings\All Users\Documents\bin\jdwp.dll
File Copy: C:\Documents and Settings\All Users\Documents\bin\jpicom32.dll
File Copy: C:\Documents and Settings\All Users\Documents\bin\jpicpl32.cpl
File Copy: C:\Documents and Settings\All Users\Documents\bin\jpiexp32.dll
File Copy: C:\Documents and Settings\All Users\Documents\bin\jpins4.dll
File Copy: C:\Documents and Settings\All Users\Documents\bin\jpins6.dll
File Copy: C:\Documents and Settings\All Users\Documents\bin\jpins7.dll
File Copy: C:\Documents and Settings\All Users\Documents\bin\jpinsp.dll
File Copy: C:\Documents and Settings\All Users\Documents\bin\nio.dll
File Copy: C:\Documents and Settings\All Users\Documents\bin\NPJava11.dll
File Copy: C:\Documents and Settings\All Users\Documents\bin\NPJava12.dll
File Copy: C:\Documents and Settings\All Users\Documents\bin\NPJava13.dll
File Copy: C:\Documents and Settings\All Users\Documents\bin\NPJava14.dll
File Copy: C:\Documents and Settings\All Users\Documents\bin\NPJava32.dll
File Copy: C:\Documents and Settings\All Users\Documents\bin\NPJPI142_05.dll
File Copy: C:\Documents and Settings\All Users\Documents\bin\NPOJI610.dll
File Copy: C:\Documents and Settings\All Users\Documents\bin\RegUtils.dll
File Copy: C:\Documents and Settings\All Users\Documents\bin\rmi.dll
File Copy: C:\Documents and Settings\All Users\Documents\bin\w2k_lsa_auth.dll
File Copy: C:\Documents and Settings\All Users\Documents\bin\gamma.dll
File Copy: C:\Documents and Settings\All Users\Documents\bin\gdkup.prg
File Copy: C:\Documents and Settings\All Users\Documents\bin\glib-1.2.dll
File Copy: C:\Documents and Settings\All Users\Documents\bin\msvcrt.dll
File Copy: C:\Documents and Settings\All Users\Documents\bin\RWDL6D21.DLL
File Copy: C:\Documents and Settings\All Users\Documents\bin\RWDL8D21.DLL
File Copy: C:\Documents and Settings\All Users\Documents\bin\RWDLDD21.DLL
File Copy: C:\Documents and Settings\All Users\Documents\bin\rwdlmd21.dll
File Copy: C:\Documents and Settings\All Users\Documents\bin\RWL21.DLL
File Copy: C:\Documents and Settings\All Users\Documents\bin\UNWISE32.EXE
File Copy: C:\Documents and Settings\All Users\Documents\bin\xdelta.exe
File Copy: C:\Documents and Settings\All Users\Documents\bin\xdelta.license
File Copy: C:\Documents and Settings\All Users\Documents\bin\xup.template
Made Dir: C:\Documents and Settings\All Users\Documents\bin\CVS
File Copy: C:\Documents and Settings\All Users\Documents\bin\CVS\Entries
File Copy: C:\Documents and Settings\All Users\Documents\bin\CVS\Repository
File Copy: C:\Documents and Settings\All Users\Documents\bin\CVS\Root
Made Dir: C:\Documents and Settings\All Users\Documents\bin\client
File Copy: C:\Documents and Settings\All Users\Documents\bin\client\Xusage.txt
File Copy: C:\Documents and Settings\All Users\Documents\bin\client\jvm.dll
Made Dir: C:\Documents and Settings\All Users\Documents\bin\client\CVS
File Copy: C:\Documents and Settings\All Users\Documents\bin\client\CVS\Root
File Copy: C:\Documents and Settings\All Users\Documents\bin\client\CVS\Repository
File Copy: C:\Documents and Settings\All Users\Documents\bin\client\CVS\Entries
Made Dir: C:\Documents and Settings\All Users\Documents\bin\server
File Copy: C:\Documents and Settings\All Users\Documents\bin\server\Xusage.txt
File Copy: C:\Documents and Settings\All Users\Documents\bin\server\jvm.dll
Made Dir: C:\Documents and Settings\All Users\Documents\bin\server\CVS
File Copy: C:\Documents and Settings\All Users\Documents\bin\server\CVS\Root
File Copy: C:\Documents and Settings\All Users\Documents\bin\server\CVS\Repository
File Copy: C:\Documents and Settings\All Users\Documents\bin\server\CVS\Entries
Made Dir: C:\Documents and Settings\All Users\Documents\libraries
File Copy: C:\Documents and Settings\All Users\Documents\libraries\AdBanner.wob
File Copy: C:\Documents and Settings\All Users\Documents\libraries\ARCADE.GIF
File Copy: C:\Documents and Settings\All Users\Documents\libraries\ARGYLE.GIF
File Copy: C:\Documents and Settings\All Users\Documents\libraries\CARS.GIF
File Copy: C:\Documents and Settings\All Users\Documents\libraries\CASTLE.GIF
File Copy: C:\Documents and Settings\All Users\Documents\libraries\CEILING.GIF
File Copy: C:\Documents and Settings\All Users\Documents\libraries\CEILING.WOB
File Copy: C:\Documents and Settings\All Users\Documents\libraries\doorwayPortal.wob
File Copy: C:\Documents and Settings\All Users\Documents\libraries\eastPortal.wob
File Copy: C:\Documents and Settings\All Users\Documents\libraries\eastPortalWall.gif
File Copy: C:\Documents and Settings\All Users\Documents\libraries\eastPortalWall.wob
File Copy: C:\Documents and Settings\All Users\Documents\libraries\eastRemoteWall.gif
File Copy: C:\Documents and Settings\All Users\Documents\libraries\eastRemoteWall.wob
File Copy: C:\Documents and Settings\All Users\Documents\libraries\eastWall.gif
File Copy: C:\Documents and Settings\All Users\Documents\libraries\eastWall.wob
File Copy: C:\Documents and Settings\All Users\Documents\libraries\EGYPT.GIF
File Copy: C:\Documents and Settings\All Users\Documents\libraries\EMPTY.GIF
File Copy: C:\Documents and Settings\All Users\Documents\libraries\EMPTY.WOB
File Copy: C:\Documents and Settings\All Users\Documents\libraries\FLOOR.GIF
File Copy: C:\Documents and Settings\All Users\Documents\libraries\FLOOR.WOB
File Copy: C:\Documents and Settings\All Users\Documents\libraries\GrouperObj.wob
File Copy: C:\Documents and Settings\All Users\Documents\libraries\HOLOGRAM.GIF
File Copy: C:\Documents and Settings\All Users\Documents\libraries\HOLOGRAM.WOB
File Copy: C:\Documents and Settings\All Users\Documents\libraries\HONEY.GIF
File Copy: C:\Documents and Settings\All Users\Documents\libraries\lib1.library
File Copy: C:\Documents and Settings\All Users\Documents\libraries\lib2.library
File Copy: C:\Documents and Settings\All Users\Documents\libraries\lib3.library
File Copy: C:\Documents and Settings\All Users\Documents\libraries\lib4.library
File Copy: C:\Documents and Settings\All Users\Documents\libraries\lib5.library
File Copy: C:\Documents and Settings\All Users\Documents\libraries\northPortal.wob
File Copy: C:\Documents and Settings\All Users\Documents\libraries\northPortalWall.gif
File Copy: C:\Documents and Settings\All Users\Documents\libraries\northPortalWall.wob
File Copy: C:\Documents and Settings\All Users\Documents\libraries\northRemoteWall.gif
File Copy: C:\Documents and Settings\All Users\Documents\libraries\northRemoteWall.wob
File Copy: C:\Documents and Settings\All Users\Documents\libraries\northWall.gif
File Copy: C:\Documents and Settings\All Users\Documents\libraries\northWall.wob
File Copy: C:\Documents and Settings\All Users\Documents\libraries\patch.GIF
File Copy: C:\Documents and Settings\All Users\Documents\libraries\Patch.wob
File Copy: C:\Documents and Settings\All Users\Documents\libraries\postspinBehavior.gif
File Copy: C:\Documents and Settings\All Users\Documents\libraries\pShape.wob
File Copy: C:\Documents and Settings\All Users\Documents\libraries\REDBRICK.GIF
File Copy: C:\Documents and Settings\All Users\Documents\libraries\SEQUENCE.GIF
File Copy: C:\Documents and Settings\All Users\Documents\libraries\SHAPE.GIF
File Copy: C:\Documents and Settings\All Users\Documents\libraries\SHAPE.WOB
File Copy: C:\Documents and Settings\All Users\Documents\libraries\ShapedRoom.wob
File Copy: C:\Documents and Settings\All Users\Documents\libraries\SlowShapedRoom.wob
File Copy: C:\Documents and Settings\All Users\Documents\libraries\southPortal.wob
File Copy: C:\Documents and Settings\All Users\Documents\libraries\southPortalWall.gif
File Copy: C:\Documents and Settings\All Users\Documents\libraries\southPortalWall.wob
File Copy: C:\Documents and Settings\All Users\Documents\libraries\southRemoteWall.gif
File Copy: C:\Documents and Settings\All Users\Documents\libraries\southRemoteWall.wob
File Copy: C:\Documents and Settings\All Users\Documents\libraries\southWall.gif
File Copy: C:\Documents and Settings\All Users\Documents\libraries\southWall.wob
File Copy: C:\Documents and Settings\All Users\Documents\libraries\spinBehavior.gif
File Copy: C:\Documents and Settings\All Users\Documents\libraries\squareRoom.wob
File Copy: C:\Documents and Settings\All Users\Documents\libraries\SQUARES.GIF
File Copy: C:\Documents and Settings\All Users\Documents\libraries\STDOUT.GIF
File Copy: C:\Documents and Settings\All Users\Documents\libraries\velocityBehavior.gif
File Copy: C:\Documents and Settings\All Users\Documents\libraries\videowall.wob
File Copy: C:\Documents and Settings\All Users\Documents\libraries\WAIT.GIF
File Copy: C:\Documents and Settings\All Users\Documents\libraries\webpage.wob
File Copy: C:\Documents and Settings\All Users\Documents\libraries\westPortal.wob
File Copy: C:\Documents and Settings\All Users\Documents\libraries\westPortalWall.gif
File Copy: C:\Documents and Settings\All Users\Documents\libraries\westPortalWall.wob
File Copy: C:\Documents and Settings\All Users\Documents\libraries\westRemoteWall.gif
File Copy: C:\Documents and Settings\All Users\Documents\libraries\westRemoteWall.wob
File Copy: C:\Documents and Settings\All Users\Documents\libraries\westWall.gif
File Copy: C:\Documents and Settings\All Users\Documents\libraries\westWall.wob
File Copy: C:\Documents and Settings\All Users\Documents\libraries\ZIGZAG.GIF
Made Dir: C:\Documents and Settings\All Users\Documents\tables
File Copy: C:\Documents and Settings\All Users\Documents\tables\tables.dat
Made Dir: C:\Documents and Settings\All Users\Documents\avatars
File Copy: C:\Documents and Settings\All Users\Documents\worlds.ini
File Copy: C:\Documents and Settings\All Users\Documents\bin\gdkup.exe
RegDB Key: Software\Microsoft\Windows\CurrentVersion\Uninstall\
RegDB Val: WorldsPlayer by Worlds.com
RegDB Name: DisplayName
RegDB Root: 2
RegDB Old: WorldsPlayer by Worlds.com
RegDB Key: Software\Microsoft\Windows\CurrentVersion\Uninstall\
RegDB Val: C:\WINDOWS\system32\UN-GAMMA.EXE C:\DOCUME~1\ALLUSE~1\DOCUME~1\INSTALL.LOG
RegDB Name: UninstallString
RegDB Root: 2
RegDB Old: C:\WINDOWS\system32\UN-GAMMA.EXE C:\INSTALL.LOG
RegDB Key: .world
RegDB Val: Gamma.Browser
RegDB Old: Gamma.Browser
RegDB Key: .world
RegDB Val: application/x-gamma-world
RegDB Name: Content Type
RegDB Old: application/x-gamma-world
RegDB Key: world
RegDB Val: URL: WorldsPlayer WORLD File
RegDB Old: URL: WorldsPlayer WORLD File
RegDB Key: world
RegDB Val: 
RegDB Name: URL Protocol
RegDB Key: world\shell\open\command
RegDB Val: "C:\DOCUME~1\ALLUSE~1\DOCUME~1\bin\gdkup.exe" "%1"
RegDB Old: "C:\bin\gdkup.exe" "%1"
RegDB Key: Gamma.Browser
RegDB Val: WorldsPlayer WORLD File
RegDB Old: WorldsPlayer WORLD File
RegDB Key: Gamma.Browser\shell\open\command
RegDB Val: "C:\DOCUME~1\ALLUSE~1\DOCUME~1\bin\gdkup.exe" "%1"
RegDB Old: "C:\bin\gdkup.exe" "%1"
RegDB Key: SOFTWARE\Worlds, Inc.\
RegDB Val: C:\DOCUME~1\ALLUSE~1\DOCUME~1
RegDB Name: InstallDir
RegDB Root: 2
RegDB Old: C:
Shell Link: C:\Documents and Settings\Administrator\Start Menu\Programs\Worlds\WorldsPlayer by Worlds.com.lnk
Shell Link: C:\Documents and Settings\Administrator\Start Menu\Programs\Worlds\Un-Install WorldsPlayer by Worlds.com.lnk
Shell Link: C:\Documents and Settings\Administrator\Desktop\WorldsPlayer by Worlds.com.lnk
User Rights: Admin
