101.01.10 10:38 B d:\a Up\GroundZero\tex\Frame.rwx <-- dev.worlds.net /home/apache/htdocs/private/Demo/Odette/GroundZero/tex Frame.rwx
101.01.10 10:38 B d:\a Up\GroundZero\tex\Pceil.rwx <-- dev.worlds.net /home/apache/htdocs/private/Demo/Odette/GroundZero/tex Pceil.rwx
101.01.10 10:38 B d:\a Up\GroundZero\tex\Pceil1.rwx <-- dev.worlds.net /home/apache/htdocs/private/Demo/Odette/GroundZero/tex Pceil1.rwx
101.01.10 10:38 B d:\a Up\GroundZero\tex\aolgo.cmp <-- dev.worlds.net /home/apache/htdocs/private/Demo/Odette/GroundZero/tex aolgo.cmp
101.01.10 10:39 B d:\a Up\GroundZero\tex\auboxcei.cmp <-- dev.worlds.net /home/apache/htdocs/private/Demo/Odette/GroundZero/tex auboxcei.cmp
101.01.10 10:39 B d:\a Up\GroundZero\tex\auceil.cmp <-- dev.worlds.net /home/apache/htdocs/private/Demo/Odette/GroundZero/tex auceil.cmp
101.01.10 10:39 B d:\a Up\GroundZero\tex\auceil2.cmp <-- dev.worlds.net /home/apache/htdocs/private/Demo/Odette/GroundZero/tex auceil2.cmp
101.01.10 10:39 B d:\a Up\GroundZero\tex\aufloor1.cmp <-- dev.worlds.net /home/apache/htdocs/private/Demo/Odette/GroundZero/tex aufloor1.cmp
101.01.10 10:39 B d:\a Up\GroundZero\tex\auledge.cmp <-- dev.worlds.net /home/apache/htdocs/private/Demo/Odette/GroundZero/tex auledge.cmp
101.01.10 10:39 B d:\a Up\GroundZero\tex\auramp1.cmp <-- dev.worlds.net /home/apache/htdocs/private/Demo/Odette/GroundZero/tex auramp1.cmp
101.01.10 10:39 B d:\a Up\GroundZero\tex\auramp2.cmp <-- dev.worlds.net /home/apache/htdocs/private/Demo/Odette/GroundZero/tex auramp2.cmp
101.01.10 10:39 B d:\a Up\GroundZero\tex\aured.cmp <-- dev.worlds.net /home/apache/htdocs/private/Demo/Odette/GroundZero/tex aured.cmp
101.01.10 10:39 B d:\a Up\GroundZero\tex\ausquar2.cmp <-- dev.worlds.net /home/apache/htdocs/private/Demo/Odette/GroundZero/tex ausquar2.cmp
101.01.10 10:39 B d:\a Up\GroundZero\tex\ausquare.cmp <-- dev.worlds.net /home/apache/htdocs/private/Demo/Odette/GroundZero/tex ausquare.cmp
101.01.10 10:39 B d:\a Up\GroundZero\tex\auwall2.cmp <-- dev.worlds.net /home/apache/htdocs/private/Demo/Odette/GroundZero/tex auwall2.cmp
101.01.10 10:39 B d:\a Up\GroundZero\tex\bback.cmp <-- dev.worlds.net /home/apache/htdocs/private/Demo/Odette/GroundZero/tex bback.cmp
101.01.10 10:39 B d:\a Up\GroundZero\tex\bback1.cmp <-- dev.worlds.net /home/apache/htdocs/private/Demo/Odette/GroundZero/tex bback1.cmp
101.01.10 10:39 B d:\a Up\GroundZero\tex\bback2.cmp <-- dev.worlds.net /home/apache/htdocs/private/Demo/Odette/GroundZero/tex bback2.cmp
101.01.10 10:39 B d:\a Up\GroundZero\tex\bback3.cmp <-- dev.worlds.net /home/apache/htdocs/private/Demo/Odette/GroundZero/tex bback3.cmp
101.01.10 10:39 B d:\a Up\GroundZero\tex\billb1.rwx <-- dev.worlds.net /home/apache/htdocs/private/Demo/Odette/GroundZero/tex billb1.rwx
101.01.10 10:39 B d:\a Up\GroundZero\tex\bkwl1.cmp <-- dev.worlds.net /home/apache/htdocs/private/Demo/Odette/GroundZero/tex bkwl1.cmp
101.01.10 10:39 B d:\a Up\GroundZero\tex\bkwl2.cmp <-- dev.worlds.net /home/apache/htdocs/private/Demo/Odette/GroundZero/tex bkwl2.cmp
101.01.10 10:39 B d:\a Up\GroundZero\tex\bkwl4.cmp <-- dev.worlds.net /home/apache/htdocs/private/Demo/Odette/GroundZero/tex bkwl4.cmp
101.01.10 10:39 B d:\a Up\GroundZero\tex\blink3.cmp <-- dev.worlds.net /home/apache/htdocs/private/Demo/Odette/GroundZero/tex blink3.cmp
101.01.10 10:39 B d:\a Up\GroundZero\tex\blink3b.cmp <-- dev.worlds.net /home/apache/htdocs/private/Demo/Odette/GroundZero/tex blink3b.cmp
101.01.10 10:39 B d:\a Up\GroundZero\tex\blktile.cmp <-- dev.worlds.net /home/apache/htdocs/private/Demo/Odette/GroundZero/tex blktile.cmp
101.01.10 10:39 B d:\a Up\GroundZero\tex\cactus1.rwx <-- dev.worlds.net /home/apache/htdocs/private/Demo/Odette/GroundZero/tex cactus1.rwx
101.01.10 10:39 B d:\a Up\GroundZero\tex\cactus3.cmp <-- dev.worlds.net /home/apache/htdocs/private/Demo/Odette/GroundZero/tex cactus3.cmp
101.01.10 10:39 B d:\a Up\GroundZero\tex\cave.mov <-- dev.worlds.net /home/apache/htdocs/private/Demo/Odette/GroundZero/tex cave.mov
101.01.10 10:39 B d:\a Up\GroundZero\tex\cave1.rwx <-- dev.worlds.net /home/apache/htdocs/private/Demo/Odette/GroundZero/tex cave1.rwx
101.01.10 10:39 B d:\a Up\GroundZero\tex\cbirda4.mov <-- dev.worlds.net /home/apache/htdocs/private/Demo/Odette/GroundZero/tex cbirda4.mov
101.01.10 10:39 B d:\a Up\GroundZero\tex\club.mov <-- dev.worlds.net /home/apache/htdocs/private/Demo/Odette/GroundZero/tex club.mov
101.01.10 10:39 B d:\a Up\GroundZero\tex\coke1.rwx <-- dev.worlds.net /home/apache/htdocs/private/Demo/Odette/GroundZero/tex coke1.rwx
101.01.10 10:39 B d:\a Up\GroundZero\tex\cokebot.cmp <-- dev.worlds.net /home/apache/htdocs/private/Demo/Odette/GroundZero/tex cokebot.cmp
101.01.10 10:39 B d:\a Up\GroundZero\tex\cokeside.cmp <-- dev.worlds.net /home/apache/htdocs/private/Demo/Odette/GroundZero/tex cokeside.cmp
101.01.10 10:39 B d:\a Up\GroundZero\tex\cokeside2.cmp <-- dev.worlds.net /home/apache/htdocs/private/Demo/Odette/GroundZero/tex cokeside2.cmp
101.01.10 10:39 B d:\a Up\GroundZero\tex\coketop.cmp <-- dev.worlds.net /home/apache/htdocs/private/Demo/Odette/GroundZero/tex coketop.cmp
101.01.10 10:39 B d:\a Up\GroundZero\tex\cor1wal2.cmp <-- dev.worlds.net /home/apache/htdocs/private/Demo/Odette/GroundZero/tex cor1wal2.cmp
101.01.10 10:39 B d:\a Up\GroundZero\tex\cstgbs3.cmp <-- dev.worlds.net /home/apache/htdocs/private/Demo/Odette/GroundZero/tex cstgbs3.cmp
101.01.10 10:39 B d:\a Up\GroundZero\tex\cstgtp3.cmp <-- dev.worlds.net /home/apache/htdocs/private/Demo/Odette/GroundZero/tex cstgtp3.cmp
101.01.10 10:39 B d:\a Up\GroundZero\tex\cstgwl3.cmp <-- dev.worlds.net /home/apache/htdocs/private/Demo/Odette/GroundZero/tex cstgwl3.cmp
101.01.10 10:39 B d:\a Up\GroundZero\tex\ctceil.cmp <-- dev.worlds.net /home/apache/htdocs/private/Demo/Odette/GroundZero/tex ctceil.cmp
101.01.10 10:39 B d:\a Up\GroundZero\tex\ctflr.cmp <-- dev.worlds.net /home/apache/htdocs/private/Demo/Odette/GroundZero/tex ctflr.cmp
101.01.10 10:39 B d:\a Up\GroundZero\tex\cv.mov <-- dev.worlds.net /home/apache/htdocs/private/Demo/Odette/GroundZero/tex cv.mov
101.01.10 10:39 B d:\a Up\GroundZero\tex\dcm1.cmp <-- dev.worlds.net /home/apache/htdocs/private/Demo/Odette/GroundZero/tex dcm1.cmp
101.01.10 10:39 B d:\a Up\GroundZero\tex\dedr_01.mov <-- dev.worlds.net /home/apache/htdocs/private/Demo/Odette/GroundZero/tex dedr_01.mov
101.01.10 10:39 B d:\a Up\GroundZero\tex\dewl_02a.mov <-- dev.worlds.net /home/apache/htdocs/private/Demo/Odette/GroundZero/tex dewl_02a.mov
101.01.10 10:39 B d:\a Up\GroundZero\tex\dewl_02d.mov <-- dev.worlds.net /home/apache/htdocs/private/Demo/Odette/GroundZero/tex dewl_02d.mov
101.01.10 10:39 B d:\a Up\GroundZero\tex\dewl_02e.mov <-- dev.worlds.net /home/apache/htdocs/private/Demo/Odette/GroundZero/tex dewl_02e.mov
101.01.10 10:39 B d:\a Up\GroundZero\tex\dewl_02f.mov <-- dev.worlds.net /home/apache/htdocs/private/Demo/Odette/GroundZero/tex dewl_02f.mov
101.01.10 10:39 B d:\a Up\GroundZero\tex\dgrass.cmp <-- dev.worlds.net /home/apache/htdocs/private/Demo/Odette/GroundZero/tex dgrass.cmp
101.01.10 10:39 B d:\a Up\GroundZero\tex\dgrassx1.cmp <-- dev.worlds.net /home/apache/htdocs/private/Demo/Odette/GroundZero/tex dgrassx1.cmp
101.01.10 10:39 B d:\a Up\GroundZero\tex\dlogo.cmp <-- dev.worlds.net /home/apache/htdocs/private/Demo/Odette/GroundZero/tex dlogo.cmp
101.01.10 10:39 B d:\a Up\GroundZero\tex\dr1128.cmp <-- dev.worlds.net /home/apache/htdocs/private/Demo/Odette/GroundZero/tex dr1128.cmp
101.01.10 10:40 B d:\a Up\GroundZero\tex\dr2128.cmp <-- dev.worlds.net /home/apache/htdocs/private/Demo/Odette/GroundZero/tex dr2128.cmp
101.01.10 10:40 B d:\a Up\GroundZero\tex\earch.rwx <-- dev.worlds.net /home/apache/htdocs/private/Demo/Odette/GroundZero/tex earch.rwx
101.01.10 10:40 B d:\a Up\GroundZero\tex\earth1.cmp <-- dev.worlds.net /home/apache/htdocs/private/Demo/Odette/GroundZero/tex earth1.cmp
101.01.10 10:40 B d:\a Up\GroundZero\tex\earth10.cmp <-- dev.worlds.net /home/apache/htdocs/private/Demo/Odette/GroundZero/tex earth10.cmp
101.01.10 10:40 B d:\a Up\GroundZero\tex\earth11.cmp <-- dev.worlds.net /home/apache/htdocs/private/Demo/Odette/GroundZero/tex earth11.cmp
101.01.10 10:40 B d:\a Up\GroundZero\tex\earth12.cmp <-- dev.worlds.net /home/apache/htdocs/private/Demo/Odette/GroundZero/tex earth12.cmp
101.01.10 10:40 B d:\a Up\GroundZero\tex\earth2.cmp <-- dev.worlds.net /home/apache/htdocs/private/Demo/Odette/GroundZero/tex earth2.cmp
101.01.10 10:40 B d:\a Up\GroundZero\tex\earth3.cmp <-- dev.worlds.net /home/apache/htdocs/private/Demo/Odette/GroundZero/tex earth3.cmp
101.01.10 10:40 B d:\a Up\GroundZero\tex\earth4.cmp <-- dev.worlds.net /home/apache/htdocs/private/Demo/Odette/GroundZero/tex earth4.cmp
101.01.10 10:40 B d:\a Up\GroundZero\tex\earth5.cmp <-- dev.worlds.net /home/apache/htdocs/private/Demo/Odette/GroundZero/tex earth5.cmp
101.01.10 10:40 B d:\a Up\GroundZero\tex\earth6.cmp <-- dev.worlds.net /home/apache/htdocs/private/Demo/Odette/GroundZero/tex earth6.cmp
101.01.10 10:40 B d:\a Up\GroundZero\tex\earth7.cmp <-- dev.worlds.net /home/apache/htdocs/private/Demo/Odette/GroundZero/tex earth7.cmp
101.01.10 10:40 B d:\a Up\GroundZero\tex\earth8.cmp <-- dev.worlds.net /home/apache/htdocs/private/Demo/Odette/GroundZero/tex earth8.cmp
101.01.10 10:40 B d:\a Up\GroundZero\tex\earth9.cmp <-- dev.worlds.net /home/apache/htdocs/private/Demo/Odette/GroundZero/tex earth9.cmp
101.01.10 10:40 B d:\a Up\GroundZero\tex\en1wall.cmp <-- dev.worlds.net /home/apache/htdocs/private/Demo/Odette/GroundZero/tex en1wall.cmp
101.01.10 10:40 B d:\a Up\GroundZero\tex\enceil.cmp <-- dev.worlds.net /home/apache/htdocs/private/Demo/Odette/GroundZero/tex enceil.cmp
101.01.10 10:40 B d:\a Up\GroundZero\tex\enfloor2.cmp <-- dev.worlds.net /home/apache/htdocs/private/Demo/Odette/GroundZero/tex enfloor2.cmp
101.01.10 10:40 B d:\a Up\GroundZero\tex\enfloor3.cmp <-- dev.worlds.net /home/apache/htdocs/private/Demo/Odette/GroundZero/tex enfloor3.cmp
101.01.10 10:40 B d:\a Up\GroundZero\tex\entwal1.cmp <-- dev.worlds.net /home/apache/htdocs/private/Demo/Odette/GroundZero/tex entwal1.cmp
101.01.10 10:40 B d:\a Up\GroundZero\tex\enwall1a.cmp <-- dev.worlds.net /home/apache/htdocs/private/Demo/Odette/GroundZero/tex enwall1a.cmp
101.01.10 10:40 B d:\a Up\GroundZero\tex\enwall1b.cmp <-- dev.worlds.net /home/apache/htdocs/private/Demo/Odette/GroundZero/tex enwall1b.cmp
101.01.10 10:40 B d:\a Up\GroundZero\tex\enwall1c.cmp <-- dev.worlds.net /home/apache/htdocs/private/Demo/Odette/GroundZero/tex enwall1c.cmp
101.01.10 10:40 B d:\a Up\GroundZero\tex\enwall1d.cmp <-- dev.worlds.net /home/apache/htdocs/private/Demo/Odette/GroundZero/tex enwall1d.cmp
101.01.10 10:40 B d:\a Up\GroundZero\tex\enwall1e.cmp <-- dev.worlds.net /home/apache/htdocs/private/Demo/Odette/GroundZero/tex enwall1e.cmp
101.01.10 10:40 B d:\a Up\GroundZero\tex\enwall1f.cmp <-- dev.worlds.net /home/apache/htdocs/private/Demo/Odette/GroundZero/tex enwall1f.cmp
101.01.10 10:40 B d:\a Up\GroundZero\tex\enwall1g.cmp <-- dev.worlds.net /home/apache/htdocs/private/Demo/Odette/GroundZero/tex enwall1g.cmp
101.01.10 10:40 B d:\a Up\GroundZero\tex\enwall2.cmp <-- dev.worlds.net /home/apache/htdocs/private/Demo/Odette/GroundZero/tex enwall2.cmp
101.01.10 10:40 B d:\a Up\GroundZero\tex\enwall3.cmp <-- dev.worlds.net /home/apache/htdocs/private/Demo/Odette/GroundZero/tex enwall3.cmp
101.01.10 10:40 B d:\a Up\GroundZero\tex\enwall4.cmp <-- dev.worlds.net /home/apache/htdocs/private/Demo/Odette/GroundZero/tex enwall4.cmp
101.01.10 10:40 B d:\a Up\GroundZero\tex\enwall5.cmp <-- dev.worlds.net /home/apache/htdocs/private/Demo/Odette/GroundZero/tex enwall5.cmp
101.01.10 10:40 B d:\a Up\GroundZero\tex\enwall6.cmp <-- dev.worlds.net /home/apache/htdocs/private/Demo/Odette/GroundZero/tex enwall6.cmp
101.01.10 10:40 B d:\a Up\GroundZero\tex\f1.mov <-- dev.worlds.net /home/apache/htdocs/private/Demo/Odette/GroundZero/tex f1.mov
101.01.10 10:40 B d:\a Up\GroundZero\tex\f2.mov <-- dev.worlds.net /home/apache/htdocs/private/Demo/Odette/GroundZero/tex f2.mov
101.01.10 10:40 B d:\a Up\GroundZero\tex\f3.mov <-- dev.worlds.net /home/apache/htdocs/private/Demo/Odette/GroundZero/tex f3.mov
101.01.10 10:40 B d:\a Up\GroundZero\tex\f4.mov <-- dev.worlds.net /home/apache/htdocs/private/Demo/Odette/GroundZero/tex f4.mov
101.01.10 10:40 B d:\a Up\GroundZero\tex\f5.mov <-- dev.worlds.net /home/apache/htdocs/private/Demo/Odette/GroundZero/tex f5.mov
101.01.10 10:40 B d:\a Up\GroundZero\tex\f6.mov <-- dev.worlds.net /home/apache/htdocs/private/Demo/Odette/GroundZero/tex f6.mov
101.01.10 10:40 B d:\a Up\GroundZero\tex\f7.mov <-- dev.worlds.net /home/apache/htdocs/private/Demo/Odette/GroundZero/tex f7.mov
101.01.10 10:40 B d:\a Up\GroundZero\tex\f8.mov <-- dev.worlds.net /home/apache/htdocs/private/Demo/Odette/GroundZero/tex f8.mov
101.01.10 10:40 B d:\a Up\GroundZero\tex\fence1a.cmp <-- dev.worlds.net /home/apache/htdocs/private/Demo/Odette/GroundZero/tex fence1a.cmp
101.01.10 10:40 B d:\a Up\GroundZero\tex\flr1c.cmp <-- dev.worlds.net /home/apache/htdocs/private/Demo/Odette/GroundZero/tex flr1c.cmp
101.01.10 10:40 B d:\a Up\GroundZero\tex\flrlite3a.cmp <-- dev.worlds.net /home/apache/htdocs/private/Demo/Odette/GroundZero/tex flrlite3a.cmp
101.01.10 10:40 B d:\a Up\GroundZero\tex\flrlite3b.cmp <-- dev.worlds.net /home/apache/htdocs/private/Demo/Odette/GroundZero/tex flrlite3b.cmp
101.01.10 10:40 B d:\a Up\GroundZero\tex\flrlite4.cmp <-- dev.worlds.net /home/apache/htdocs/private/Demo/Odette/GroundZero/tex flrlite4.cmp
101.01.10 10:40 B d:\a Up\GroundZero\tex\flrlite5.cmp <-- dev.worlds.net /home/apache/htdocs/private/Demo/Odette/GroundZero/tex flrlite5.cmp
101.01.10 10:40 B d:\a Up\GroundZero\tex\flrlite5a.cmp <-- dev.worlds.net /home/apache/htdocs/private/Demo/Odette/GroundZero/tex flrlite5a.cmp
101.01.10 10:40 B d:\a Up\GroundZero\tex\flwside1.cmp <-- dev.worlds.net /home/apache/htdocs/private/Demo/Odette/GroundZero/tex flwside1.cmp
101.01.10 10:40 B d:\a Up\GroundZero\tex\flwside2.cmp <-- dev.worlds.net /home/apache/htdocs/private/Demo/Odette/GroundZero/tex flwside2.cmp
101.01.10 10:40 B d:\a Up\GroundZero\tex\frame1.cmp <-- dev.worlds.net /home/apache/htdocs/private/Demo/Odette/GroundZero/tex frame1.cmp
101.01.10 10:40 B d:\a Up\GroundZero\tex\gate2.rwx <-- dev.worlds.net /home/apache/htdocs/private/Demo/Odette/GroundZero/tex gate2.rwx
101.01.10 10:40 B d:\a Up\GroundZero\tex\gate3.rwx <-- dev.worlds.net /home/apache/htdocs/private/Demo/Odette/GroundZero/tex gate3.rwx
101.01.10 10:40 B d:\a Up\GroundZero\tex\gawall.cmp <-- dev.worlds.net /home/apache/htdocs/private/Demo/Odette/GroundZero/tex gawall.cmp
101.01.10 10:40 B d:\a Up\GroundZero\tex\gnd.cmp <-- dev.worlds.net /home/apache/htdocs/private/Demo/Odette/GroundZero/tex gnd.cmp
101.01.10 10:40 B d:\a Up\GroundZero\tex\gndx.cmp <-- dev.worlds.net /home/apache/htdocs/private/Demo/Odette/GroundZero/tex gndx.cmp
101.01.10 10:40 B d:\a Up\GroundZero\tex\goldceil.cmp <-- dev.worlds.net /home/apache/htdocs/private/Demo/Odette/GroundZero/tex goldceil.cmp
101.01.10 10:40 B d:\a Up\GroundZero\tex\goldwall.cmp <-- dev.worlds.net /home/apache/htdocs/private/Demo/Odette/GroundZero/tex goldwall.cmp
101.01.10 10:40 B d:\a Up\GroundZero\tex\grnd1.cmp <-- dev.worlds.net /home/apache/htdocs/private/Demo/Odette/GroundZero/tex grnd1.cmp
101.01.10 10:40 B d:\a Up\GroundZero\tex\grnd1a.cmp <-- dev.worlds.net /home/apache/htdocs/private/Demo/Odette/GroundZero/tex grnd1a.cmp
101.01.10 10:40 B d:\a Up\GroundZero\tex\grnd1b.cmp <-- dev.worlds.net /home/apache/htdocs/private/Demo/Odette/GroundZero/tex grnd1b.cmp
101.01.10 10:40 B d:\a Up\GroundZero\tex\grnd1c.cmp <-- dev.worlds.net /home/apache/htdocs/private/Demo/Odette/GroundZero/tex grnd1c.cmp
101.01.10 10:40 B d:\a Up\GroundZero\tex\gzprop.mov <-- dev.worlds.net /home/apache/htdocs/private/Demo/Odette/GroundZero/tex gzprop.mov
101.01.10 10:40 B d:\a Up\GroundZero\tex\hat1.cmp <-- dev.worlds.net /home/apache/htdocs/private/Demo/Odette/GroundZero/tex hat1.cmp
101.01.10 10:40 B d:\a Up\GroundZero\tex\hat2.cmp <-- dev.worlds.net /home/apache/htdocs/private/Demo/Odette/GroundZero/tex hat2.cmp
101.01.10 10:40 B d:\a Up\GroundZero\tex\hat3.cmp <-- dev.worlds.net /home/apache/htdocs/private/Demo/Odette/GroundZero/tex hat3.cmp
101.01.10 10:40 B d:\a Up\GroundZero\tex\hat4.cmp <-- dev.worlds.net /home/apache/htdocs/private/Demo/Odette/GroundZero/tex hat4.cmp
101.01.10 10:41 B d:\a Up\GroundZero\tex\hat5.cmp <-- dev.worlds.net /home/apache/htdocs/private/Demo/Odette/GroundZero/tex hat5.cmp
101.01.10 10:41 B d:\a Up\GroundZero\tex\hat6.cmp <-- dev.worlds.net /home/apache/htdocs/private/Demo/Odette/GroundZero/tex hat6.cmp
101.01.10 10:41 B d:\a Up\GroundZero\tex\hubceil1b.rwx <-- dev.worlds.net /home/apache/htdocs/private/Demo/Odette/GroundZero/tex hubceil1b.rwx
101.01.10 10:41 B d:\a Up\GroundZero\tex\hubceil1c.rwx <-- dev.worlds.net /home/apache/htdocs/private/Demo/Odette/GroundZero/tex hubceil1c.rwx
101.01.10 10:41 B d:\a Up\GroundZero\tex\hubflr1a.rwx <-- dev.worlds.net /home/apache/htdocs/private/Demo/Odette/GroundZero/tex hubflr1a.rwx
101.01.10 10:41 B d:\a Up\GroundZero\tex\hubtop.rwx <-- dev.worlds.net /home/apache/htdocs/private/Demo/Odette/GroundZero/tex hubtop.rwx
101.01.10 10:41 B d:\a Up\GroundZero\tex\icon_01a.cmp <-- dev.worlds.net /home/apache/htdocs/private/Demo/Odette/GroundZero/tex icon_01a.cmp
101.01.10 10:41 B d:\a Up\GroundZero\tex\icon_01b.cmp <-- dev.worlds.net /home/apache/htdocs/private/Demo/Odette/GroundZero/tex icon_01b.cmp
101.01.10 10:41 B d:\a Up\GroundZero\tex\icon_01c.cmp <-- dev.worlds.net /home/apache/htdocs/private/Demo/Odette/GroundZero/tex icon_01c.cmp
101.01.10 10:41 B d:\a Up\GroundZero\tex\icon_01d.cmp <-- dev.worlds.net /home/apache/htdocs/private/Demo/Odette/GroundZero/tex icon_01d.cmp
101.01.10 10:41 B d:\a Up\GroundZero\tex\icon_01e.cmp <-- dev.worlds.net /home/apache/htdocs/private/Demo/Odette/GroundZero/tex icon_01e.cmp
101.01.10 10:41 B d:\a Up\GroundZero\tex\icon_01f.cmp <-- dev.worlds.net /home/apache/htdocs/private/Demo/Odette/GroundZero/tex icon_01f.cmp
101.01.10 10:41 B d:\a Up\GroundZero\tex\icon_01g.cmp <-- dev.worlds.net /home/apache/htdocs/private/Demo/Odette/GroundZero/tex icon_01g.cmp
101.01.10 10:41 B d:\a Up\GroundZero\tex\icon_01h.cmp <-- dev.worlds.net /home/apache/htdocs/private/Demo/Odette/GroundZero/tex icon_01h.cmp
101.01.10 10:41 B d:\a Up\GroundZero\tex\icon_01i.cmp <-- dev.worlds.net /home/apache/htdocs/private/Demo/Odette/GroundZero/tex icon_01i.cmp
101.01.10 10:41 B d:\a Up\GroundZero\tex\jtop2.cmp <-- dev.worlds.net /home/apache/htdocs/private/Demo/Odette/GroundZero/tex jtop2.cmp
101.01.10 10:41 B d:\a Up\GroundZero\tex\juke1c.rwx <-- dev.worlds.net /home/apache/htdocs/private/Demo/Odette/GroundZero/tex juke1c.rwx
101.01.10 10:41 B d:\a Up\GroundZero\tex\kedge.rwx <-- dev.worlds.net /home/apache/htdocs/private/Demo/Odette/GroundZero/tex kedge.rwx
101.01.10 10:41 B d:\a Up\GroundZero\tex\kevent1.cmp <-- dev.worlds.net /home/apache/htdocs/private/Demo/Odette/GroundZero/tex kevent1.cmp
101.01.10 10:41 B d:\a Up\GroundZero\tex\kevent1a.cmp <-- dev.worlds.net /home/apache/htdocs/private/Demo/Odette/GroundZero/tex kevent1a.cmp
101.01.10 10:41 B d:\a Up\GroundZero\tex\kevent2.cmp <-- dev.worlds.net /home/apache/htdocs/private/Demo/Odette/GroundZero/tex kevent2.cmp
101.01.10 10:41 B d:\a Up\GroundZero\tex\kevent3.cmp <-- dev.worlds.net /home/apache/htdocs/private/Demo/Odette/GroundZero/tex kevent3.cmp
101.01.10 10:41 B d:\a Up\GroundZero\tex\kevent4.cmp <-- dev.worlds.net /home/apache/htdocs/private/Demo/Odette/GroundZero/tex kevent4.cmp
101.01.10 10:41 B d:\a Up\GroundZero\tex\kevent5.cmp <-- dev.worlds.net /home/apache/htdocs/private/Demo/Odette/GroundZero/tex kevent5.cmp
101.01.10 10:41 B d:\a Up\GroundZero\tex\kevent5a.cmp <-- dev.worlds.net /home/apache/htdocs/private/Demo/Odette/GroundZero/tex kevent5a.cmp
101.01.10 10:41 B d:\a Up\GroundZero\tex\kevent6.cmp <-- dev.worlds.net /home/apache/htdocs/private/Demo/Odette/GroundZero/tex kevent6.cmp
101.01.10 10:41 B d:\a Up\GroundZero\tex\kevent7.cmp <-- dev.worlds.net /home/apache/htdocs/private/Demo/Odette/GroundZero/tex kevent7.cmp
101.01.10 10:41 B d:\a Up\GroundZero\tex\kevent8.cmp <-- dev.worlds.net /home/apache/htdocs/private/Demo/Odette/GroundZero/tex kevent8.cmp
101.01.10 10:41 B d:\a Up\GroundZero\tex\kioskbase.rwx <-- dev.worlds.net /home/apache/htdocs/private/Demo/Odette/GroundZero/tex kioskbase.rwx
101.01.10 10:41 B d:\a Up\GroundZero\tex\kiwl1a.cmp <-- dev.worlds.net /home/apache/htdocs/private/Demo/Odette/GroundZero/tex kiwl1a.cmp
101.01.10 10:41 B d:\a Up\GroundZero\tex\kiwl1b.cmp <-- dev.worlds.net /home/apache/htdocs/private/Demo/Odette/GroundZero/tex kiwl1b.cmp
101.01.10 10:41 B d:\a Up\GroundZero\tex\knews1.cmp <-- dev.worlds.net /home/apache/htdocs/private/Demo/Odette/GroundZero/tex knews1.cmp
101.01.10 10:41 B d:\a Up\GroundZero\tex\knews2.cmp <-- dev.worlds.net /home/apache/htdocs/private/Demo/Odette/GroundZero/tex knews2.cmp
101.01.10 10:41 B d:\a Up\GroundZero\tex\knews3.cmp <-- dev.worlds.net /home/apache/htdocs/private/Demo/Odette/GroundZero/tex knews3.cmp
101.01.10 10:41 B d:\a Up\GroundZero\tex\knews4.cmp <-- dev.worlds.net /home/apache/htdocs/private/Demo/Odette/GroundZero/tex knews4.cmp
101.01.10 10:41 B d:\a Up\GroundZero\tex\knews5.cmp <-- dev.worlds.net /home/apache/htdocs/private/Demo/Odette/GroundZero/tex knews5.cmp
101.01.10 10:41 B d:\a Up\GroundZero\tex\knews6.cmp <-- dev.worlds.net /home/apache/htdocs/private/Demo/Odette/GroundZero/tex knews6.cmp
101.01.10 10:41 B d:\a Up\GroundZero\tex\knews7.cmp <-- dev.worlds.net /home/apache/htdocs/private/Demo/Odette/GroundZero/tex knews7.cmp
101.01.10 10:41 B d:\a Up\GroundZero\tex\knews8.cmp <-- dev.worlds.net /home/apache/htdocs/private/Demo/Odette/GroundZero/tex knews8.cmp
101.01.10 10:41 B d:\a Up\GroundZero\tex\kstore1.cmp <-- dev.worlds.net /home/apache/htdocs/private/Demo/Odette/GroundZero/tex kstore1.cmp
101.01.10 10:41 B d:\a Up\GroundZero\tex\kstore2.cmp <-- dev.worlds.net /home/apache/htdocs/private/Demo/Odette/GroundZero/tex kstore2.cmp
101.01.10 10:41 B d:\a Up\GroundZero\tex\kstore3.cmp <-- dev.worlds.net /home/apache/htdocs/private/Demo/Odette/GroundZero/tex kstore3.cmp
101.01.10 10:41 B d:\a Up\GroundZero\tex\kstore4.cmp <-- dev.worlds.net /home/apache/htdocs/private/Demo/Odette/GroundZero/tex kstore4.cmp
101.01.10 10:41 B d:\a Up\GroundZero\tex\kstore5.cmp <-- dev.worlds.net /home/apache/htdocs/private/Demo/Odette/GroundZero/tex kstore5.cmp
101.01.10 10:41 B d:\a Up\GroundZero\tex\kstore6.cmp <-- dev.worlds.net /home/apache/htdocs/private/Demo/Odette/GroundZero/tex kstore6.cmp
101.01.10 10:41 B d:\a Up\GroundZero\tex\kstore7.cmp <-- dev.worlds.net /home/apache/htdocs/private/Demo/Odette/GroundZero/tex kstore7.cmp
101.01.10 10:41 B d:\a Up\GroundZero\tex\kstore8.cmp <-- dev.worlds.net /home/apache/htdocs/private/Demo/Odette/GroundZero/tex kstore8.cmp
101.01.10 10:41 B d:\a Up\GroundZero\tex\labflr2.cmp <-- dev.worlds.net /home/apache/htdocs/private/Demo/Odette/GroundZero/tex labflr2.cmp
101.01.10 10:41 B d:\a Up\GroundZero\tex\leftb.cmp <-- dev.worlds.net /home/apache/htdocs/private/Demo/Odette/GroundZero/tex leftb.cmp
101.01.10 10:41 B d:\a Up\GroundZero\tex\leftm.cmp <-- dev.worlds.net /home/apache/htdocs/private/Demo/Odette/GroundZero/tex leftm.cmp
101.01.10 10:41 B d:\a Up\GroundZero\tex\logo.RWX <-- dev.worlds.net /home/apache/htdocs/private/Demo/Odette/GroundZero/tex logo.RWX
101.01.10 10:41 B d:\a Up\GroundZero\tex\logo256.mov <-- dev.worlds.net /home/apache/htdocs/private/Demo/Odette/GroundZero/tex logo256.mov
101.01.10 10:41 B d:\a Up\GroundZero\tex\ms6.cmp <-- dev.worlds.net /home/apache/htdocs/private/Demo/Odette/GroundZero/tex ms6.cmp
101.01.10 10:41 B d:\a Up\GroundZero\tex\nsky.cmp <-- dev.worlds.net /home/apache/htdocs/private/Demo/Odette/GroundZero/tex nsky.cmp
101.01.10 10:41 B d:\a Up\GroundZero\tex\park.mov <-- dev.worlds.net /home/apache/htdocs/private/Demo/Odette/GroundZero/tex park.mov
101.01.10 10:41 B d:\a Up\GroundZero\tex\pceil3.cmp <-- dev.worlds.net /home/apache/htdocs/private/Demo/Odette/GroundZero/tex pceil3.cmp
101.01.10 10:41 B d:\a Up\GroundZero\tex\pceil3a.cmp <-- dev.worlds.net /home/apache/htdocs/private/Demo/Odette/GroundZero/tex pceil3a.cmp
101.01.10 10:42 B d:\a Up\GroundZero\tex\pilar.rwx <-- dev.worlds.net /home/apache/htdocs/private/Demo/Odette/GroundZero/tex pilar.rwx
101.01.10 10:42 B d:\a Up\GroundZero\tex\pilar1.cmp <-- dev.worlds.net /home/apache/htdocs/private/Demo/Odette/GroundZero/tex pilar1.cmp
101.01.10 10:42 B d:\a Up\GroundZero\tex\plane.rwx <-- dev.worlds.net /home/apache/htdocs/private/Demo/Odette/GroundZero/tex plane.rwx
101.01.10 10:42 B d:\a Up\GroundZero\tex\plane1.cmp <-- dev.worlds.net /home/apache/htdocs/private/Demo/Odette/GroundZero/tex plane1.cmp
101.01.10 10:42 B d:\a Up\GroundZero\tex\plane1a.cmp <-- dev.worlds.net /home/apache/htdocs/private/Demo/Odette/GroundZero/tex plane1a.cmp
101.01.10 10:42 B d:\a Up\GroundZero\tex\plane2.cmp <-- dev.worlds.net /home/apache/htdocs/private/Demo/Odette/GroundZero/tex plane2.cmp
101.01.10 10:42 B d:\a Up\GroundZero\tex\plane2a.cmp <-- dev.worlds.net /home/apache/htdocs/private/Demo/Odette/GroundZero/tex plane2a.cmp
101.01.10 10:42 B d:\a Up\GroundZero\tex\plane3a.cmp <-- dev.worlds.net /home/apache/htdocs/private/Demo/Odette/GroundZero/tex plane3a.cmp
101.01.10 10:42 B d:\a Up\GroundZero\tex\plane3b.cmp <-- dev.worlds.net /home/apache/htdocs/private/Demo/Odette/GroundZero/tex plane3b.cmp
101.01.10 10:42 B d:\a Up\GroundZero\tex\plane3c.cmp <-- dev.worlds.net /home/apache/htdocs/private/Demo/Odette/GroundZero/tex plane3c.cmp
101.01.10 10:42 B d:\a Up\GroundZero\tex\plane3d.cmp <-- dev.worlds.net /home/apache/htdocs/private/Demo/Odette/GroundZero/tex plane3d.cmp
101.01.10 10:42 B d:\a Up\GroundZero\tex\post1.cmp <-- dev.worlds.net /home/apache/htdocs/private/Demo/Odette/GroundZero/tex post1.cmp
101.01.10 10:42 B d:\a Up\GroundZero\tex\post1a.rwx <-- dev.worlds.net /home/apache/htdocs/private/Demo/Odette/GroundZero/tex post1a.rwx
101.01.10 10:42 B d:\a Up\GroundZero\tex\post1b.rwx <-- dev.worlds.net /home/apache/htdocs/private/Demo/Odette/GroundZero/tex post1b.rwx
101.01.10 10:42 B d:\a Up\GroundZero\tex\post1c.rwx <-- dev.worlds.net /home/apache/htdocs/private/Demo/Odette/GroundZero/tex post1c.rwx
101.01.10 10:42 B d:\a Up\GroundZero\tex\rd1.cmp <-- dev.worlds.net /home/apache/htdocs/private/Demo/Odette/GroundZero/tex rd1.cmp
101.01.10 10:42 B d:\a Up\GroundZero\tex\rd10.cmp <-- dev.worlds.net /home/apache/htdocs/private/Demo/Odette/GroundZero/tex rd10.cmp
101.01.10 10:42 B d:\a Up\GroundZero\tex\rd11.cmp <-- dev.worlds.net /home/apache/htdocs/private/Demo/Odette/GroundZero/tex rd11.cmp
101.01.10 10:42 B d:\a Up\GroundZero\tex\rd12.cmp <-- dev.worlds.net /home/apache/htdocs/private/Demo/Odette/GroundZero/tex rd12.cmp
101.01.10 10:42 B d:\a Up\GroundZero\tex\rd2.cmp <-- dev.worlds.net /home/apache/htdocs/private/Demo/Odette/GroundZero/tex rd2.cmp
101.01.10 10:42 B d:\a Up\GroundZero\tex\rd3.cmp <-- dev.worlds.net /home/apache/htdocs/private/Demo/Odette/GroundZero/tex rd3.cmp
101.01.10 10:42 B d:\a Up\GroundZero\tex\rd4.cmp <-- dev.worlds.net /home/apache/htdocs/private/Demo/Odette/GroundZero/tex rd4.cmp
101.01.10 10:42 B d:\a Up\GroundZero\tex\rd5.cmp <-- dev.worlds.net /home/apache/htdocs/private/Demo/Odette/GroundZero/tex rd5.cmp
101.01.10 10:42 B d:\a Up\GroundZero\tex\rd6.cmp <-- dev.worlds.net /home/apache/htdocs/private/Demo/Odette/GroundZero/tex rd6.cmp
101.01.10 10:42 B d:\a Up\GroundZero\tex\rd7.cmp <-- dev.worlds.net /home/apache/htdocs/private/Demo/Odette/GroundZero/tex rd7.cmp
101.01.10 10:42 B d:\a Up\GroundZero\tex\rd8.cmp <-- dev.worlds.net /home/apache/htdocs/private/Demo/Odette/GroundZero/tex rd8.cmp
101.01.10 10:42 B d:\a Up\GroundZero\tex\rd9.cmp <-- dev.worlds.net /home/apache/htdocs/private/Demo/Odette/GroundZero/tex rd9.cmp
101.01.10 10:42 B d:\a Up\GroundZero\tex\rightb.cmp <-- dev.worlds.net /home/apache/htdocs/private/Demo/Odette/GroundZero/tex rightb.cmp
101.01.10 10:42 B d:\a Up\GroundZero\tex\rightm.cmp <-- dev.worlds.net /home/apache/htdocs/private/Demo/Odette/GroundZero/tex rightm.cmp
101.01.10 10:42 B d:\a Up\GroundZero\tex\rkgrnd.cmp <-- dev.worlds.net /home/apache/htdocs/private/Demo/Odette/GroundZero/tex rkgrnd.cmp
101.01.10 10:42 B d:\a Up\GroundZero\tex\road_01.rwx <-- dev.worlds.net /home/apache/htdocs/private/Demo/Odette/GroundZero/tex road_01.rwx
101.01.10 10:42 B d:\a Up\GroundZero\tex\rock1.rwx <-- dev.worlds.net /home/apache/htdocs/private/Demo/Odette/GroundZero/tex rock1.rwx
101.01.10 10:42 B d:\a Up\GroundZero\tex\rock1a.cmp <-- dev.worlds.net /home/apache/htdocs/private/Demo/Odette/GroundZero/tex rock1a.cmp
101.01.10 10:42 B d:\a Up\GroundZero\tex\rock2.rwx <-- dev.worlds.net /home/apache/htdocs/private/Demo/Odette/GroundZero/tex rock2.rwx
101.01.10 10:42 B d:\a Up\GroundZero\tex\roof.rwx <-- dev.worlds.net /home/apache/htdocs/private/Demo/Odette/GroundZero/tex roof.rwx
101.01.10 10:42 B d:\a Up\GroundZero\tex\roofb.cmp <-- dev.worlds.net /home/apache/htdocs/private/Demo/Odette/GroundZero/tex roofb.cmp
101.01.10 10:42 B d:\a Up\GroundZero\tex\rtbkft.rwx <-- dev.worlds.net /home/apache/htdocs/private/Demo/Odette/GroundZero/tex rtbkft.rwx
101.01.10 10:42 B d:\a Up\GroundZero\tex\rws1.mov <-- dev.worlds.net /home/apache/htdocs/private/Demo/Odette/GroundZero/tex rws1.mov
101.01.10 10:42 B d:\a Up\GroundZero\tex\rws2.mov <-- dev.worlds.net /home/apache/htdocs/private/Demo/Odette/GroundZero/tex rws2.mov
101.01.10 10:42 B d:\a Up\GroundZero\tex\sidec1.rwx <-- dev.worlds.net /home/apache/htdocs/private/Demo/Odette/GroundZero/tex sidec1.rwx
101.01.10 10:42 B d:\a Up\GroundZero\tex\sidec1M.rwx <-- dev.worlds.net /home/apache/htdocs/private/Demo/Odette/GroundZero/tex sidec1M.rwx
101.01.10 10:42 B d:\a Up\GroundZero\tex\sideh1.rwx <-- dev.worlds.net /home/apache/htdocs/private/Demo/Odette/GroundZero/tex sideh1.rwx
101.01.10 10:42 B d:\a Up\GroundZero\tex\sideh12.rwx <-- dev.worlds.net /home/apache/htdocs/private/Demo/Odette/GroundZero/tex sideh12.rwx
101.01.10 10:42 B d:\a Up\GroundZero\tex\sideh12m.rwx <-- dev.worlds.net /home/apache/htdocs/private/Demo/Odette/GroundZero/tex sideh12m.rwx
101.01.10 10:42 B d:\a Up\GroundZero\tex\sideh1m.rwx <-- dev.worlds.net /home/apache/htdocs/private/Demo/Odette/GroundZero/tex sideh1m.rwx
101.01.10 10:42 B d:\a Up\GroundZero\tex\sideh21.rwx <-- dev.worlds.net /home/apache/htdocs/private/Demo/Odette/GroundZero/tex sideh21.rwx
101.01.10 10:42 B d:\a Up\GroundZero\tex\sideh21M.rwx <-- dev.worlds.net /home/apache/htdocs/private/Demo/Odette/GroundZero/tex sideh21M.rwx
101.01.10 10:42 B d:\a Up\GroundZero\tex\sideh22.rwx <-- dev.worlds.net /home/apache/htdocs/private/Demo/Odette/GroundZero/tex sideh22.rwx
101.01.10 10:42 B d:\a Up\GroundZero\tex\sideh22M.rwx <-- dev.worlds.net /home/apache/htdocs/private/Demo/Odette/GroundZero/tex sideh22M.rwx
101.01.10 10:42 B d:\a Up\GroundZero\tex\sideh3.rwx <-- dev.worlds.net /home/apache/htdocs/private/Demo/Odette/GroundZero/tex sideh3.rwx
101.01.10 10:42 B d:\a Up\GroundZero\tex\signa&a.mov <-- dev.worlds.net /home/apache/htdocs/private/Demo/Odette/GroundZero/tex signa&a.mov
101.01.10 10:42 B d:\a Up\GroundZero\tex\signau.cmp <-- dev.worlds.net /home/apache/htdocs/private/Demo/Odette/GroundZero/tex signau.cmp
101.01.10 10:42 B d:\a Up\GroundZero\tex\signav.cmp <-- dev.worlds.net /home/apache/htdocs/private/Demo/Odette/GroundZero/tex signav.cmp
101.01.10 10:43 B d:\a Up\GroundZero\tex\signc&s.mov <-- dev.worlds.net /home/apache/htdocs/private/Demo/Odette/GroundZero/tex signc&s.mov
101.01.10 10:43 B d:\a Up\GroundZero\tex\signtel.mov <-- dev.worlds.net /home/apache/htdocs/private/Demo/Odette/GroundZero/tex signtel.mov
101.01.10 10:43 B d:\a Up\GroundZero\tex\sky.cmp <-- dev.worlds.net /home/apache/htdocs/private/Demo/Odette/GroundZero/tex sky.cmp
101.01.10 10:43 B d:\a Up\GroundZero\tex\sky01.mov <-- dev.worlds.net /home/apache/htdocs/private/Demo/Odette/GroundZero/tex sky01.mov
101.01.10 10:43 B d:\a Up\GroundZero\tex\sky02.mov <-- dev.worlds.net /home/apache/htdocs/private/Demo/Odette/GroundZero/tex sky02.mov
101.01.10 10:43 B d:\a Up\GroundZero\tex\sky03.mov <-- dev.worlds.net /home/apache/htdocs/private/Demo/Odette/GroundZero/tex sky03.mov
101.01.10 10:43 B d:\a Up\GroundZero\tex\sky04.mov <-- dev.worlds.net /home/apache/htdocs/private/Demo/Odette/GroundZero/tex sky04.mov
101.01.10 10:43 B d:\a Up\GroundZero\tex\sky05.mov <-- dev.worlds.net /home/apache/htdocs/private/Demo/Odette/GroundZero/tex sky05.mov
101.01.10 10:43 B d:\a Up\GroundZero\tex\sky06.mov <-- dev.worlds.net /home/apache/htdocs/private/Demo/Odette/GroundZero/tex sky06.mov
101.01.10 10:43 B d:\a Up\GroundZero\tex\sky07.mov <-- dev.worlds.net /home/apache/htdocs/private/Demo/Odette/GroundZero/tex sky07.mov
101.01.10 10:43 B d:\a Up\GroundZero\tex\sky08.mov <-- dev.worlds.net /home/apache/htdocs/private/Demo/Odette/GroundZero/tex sky08.mov
101.01.10 10:43 B d:\a Up\GroundZero\tex\sky1.mov <-- dev.worlds.net /home/apache/htdocs/private/Demo/Odette/GroundZero/tex sky1.mov
101.01.10 10:43 B d:\a Up\GroundZero\tex\sky10.mov <-- dev.worlds.net /home/apache/htdocs/private/Demo/Odette/GroundZero/tex sky10.mov
101.01.10 10:43 B d:\a Up\GroundZero\tex\sky11.mov <-- dev.worlds.net /home/apache/htdocs/private/Demo/Odette/GroundZero/tex sky11.mov
101.01.10 10:43 B d:\a Up\GroundZero\tex\sky12.mov <-- dev.worlds.net /home/apache/htdocs/private/Demo/Odette/GroundZero/tex sky12.mov
101.01.10 10:43 B d:\a Up\GroundZero\tex\sky13.mov <-- dev.worlds.net /home/apache/htdocs/private/Demo/Odette/GroundZero/tex sky13.mov
101.01.10 10:43 B d:\a Up\GroundZero\tex\sky14.mov <-- dev.worlds.net /home/apache/htdocs/private/Demo/Odette/GroundZero/tex sky14.mov
101.01.10 10:43 B d:\a Up\GroundZero\tex\sky1a.cmp <-- dev.worlds.net /home/apache/htdocs/private/Demo/Odette/GroundZero/tex sky1a.cmp
101.01.10 10:43 B d:\a Up\GroundZero\tex\sky2.mov <-- dev.worlds.net /home/apache/htdocs/private/Demo/Odette/GroundZero/tex sky2.mov
101.01.10 10:43 B d:\a Up\GroundZero\tex\sky2a.cmp <-- dev.worlds.net /home/apache/htdocs/private/Demo/Odette/GroundZero/tex sky2a.cmp
101.01.10 10:43 B d:\a Up\GroundZero\tex\sky3.mov <-- dev.worlds.net /home/apache/htdocs/private/Demo/Odette/GroundZero/tex sky3.mov
101.01.10 10:43 B d:\a Up\GroundZero\tex\sky3a.cmp <-- dev.worlds.net /home/apache/htdocs/private/Demo/Odette/GroundZero/tex sky3a.cmp
101.01.10 10:43 B d:\a Up\GroundZero\tex\sky4.mov <-- dev.worlds.net /home/apache/htdocs/private/Demo/Odette/GroundZero/tex sky4.mov
101.01.10 10:43 B d:\a Up\GroundZero\tex\sky4a.cmp <-- dev.worlds.net /home/apache/htdocs/private/Demo/Odette/GroundZero/tex sky4a.cmp
101.01.10 10:43 B d:\a Up\GroundZero\tex\splashscreen.mov <-- dev.worlds.net /home/apache/htdocs/private/Demo/Odette/GroundZero/tex splashscreen.mov
101.01.10 10:43 B d:\a Up\GroundZero\tex\ss7.cmp <-- dev.worlds.net /home/apache/htdocs/private/Demo/Odette/GroundZero/tex ss7.cmp
101.01.10 10:43 B d:\a Up\GroundZero\tex\ssky1.cmp <-- dev.worlds.net /home/apache/htdocs/private/Demo/Odette/GroundZero/tex ssky1.cmp
101.01.10 10:43 B d:\a Up\GroundZero\tex\ssky2.mov <-- dev.worlds.net /home/apache/htdocs/private/Demo/Odette/GroundZero/tex ssky2.mov
101.01.10 10:43 B d:\a Up\GroundZero\tex\stand.rwx <-- dev.worlds.net /home/apache/htdocs/private/Demo/Odette/GroundZero/tex stand.rwx
101.01.10 10:43 B d:\a Up\GroundZero\tex\stmite1.rwx <-- dev.worlds.net /home/apache/htdocs/private/Demo/Odette/GroundZero/tex stmite1.rwx
101.01.10 10:43 B d:\a Up\GroundZero\tex\stmite1a.rwx <-- dev.worlds.net /home/apache/htdocs/private/Demo/Odette/GroundZero/tex stmite1a.rwx
101.01.10 10:43 B d:\a Up\GroundZero\tex\stn2.cmp <-- dev.worlds.net /home/apache/htdocs/private/Demo/Odette/GroundZero/tex stn2.cmp
101.01.10 10:43 B d:\a Up\GroundZero\tex\supstarx.mov <-- dev.worlds.net /home/apache/htdocs/private/Demo/Odette/GroundZero/tex supstarx.mov
101.01.10 10:43 B d:\a Up\GroundZero\tex\supstor1.mov <-- dev.worlds.net /home/apache/htdocs/private/Demo/Odette/GroundZero/tex supstor1.mov
101.01.10 10:43 B d:\a Up\GroundZero\tex\supstor2.mov <-- dev.worlds.net /home/apache/htdocs/private/Demo/Odette/GroundZero/tex supstor2.mov
101.01.10 10:43 B d:\a Up\GroundZero\tex\supstor3.mov <-- dev.worlds.net /home/apache/htdocs/private/Demo/Odette/GroundZero/tex supstor3.mov
101.01.10 10:43 B d:\a Up\GroundZero\tex\supstor4.mov <-- dev.worlds.net /home/apache/htdocs/private/Demo/Odette/GroundZero/tex supstor4.mov
101.01.10 10:43 B d:\a Up\GroundZero\tex\supstor5.mov <-- dev.worlds.net /home/apache/htdocs/private/Demo/Odette/GroundZero/tex supstor5.mov
101.01.10 10:43 B d:\a Up\GroundZero\tex\supstor6.mov <-- dev.worlds.net /home/apache/htdocs/private/Demo/Odette/GroundZero/tex supstor6.mov
101.01.10 10:43 B d:\a Up\GroundZero\tex\time.mov <-- dev.worlds.net /home/apache/htdocs/private/Demo/Odette/GroundZero/tex time.mov
101.01.10 10:43 B d:\a Up\GroundZero\tex\top.cmp <-- dev.worlds.net /home/apache/htdocs/private/Demo/Odette/GroundZero/tex top.cmp
101.01.10 10:43 B d:\a Up\GroundZero\tex\unexit.cmp <-- dev.worlds.net /home/apache/htdocs/private/Demo/Odette/GroundZero/tex unexit.cmp
101.01.10 10:43 B d:\a Up\GroundZero\tex\vendbot.cmp <-- dev.worlds.net /home/apache/htdocs/private/Demo/Odette/GroundZero/tex vendbot.cmp
101.01.10 10:43 B d:\a Up\GroundZero\tex\vendside.cmp <-- dev.worlds.net /home/apache/htdocs/private/Demo/Odette/GroundZero/tex vendside.cmp
101.01.10 10:43 B d:\a Up\GroundZero\tex\vendside2.cmp <-- dev.worlds.net /home/apache/htdocs/private/Demo/Odette/GroundZero/tex vendside2.cmp
101.01.10 10:43 B d:\a Up\GroundZero\tex\vendtop.cmp <-- dev.worlds.net /home/apache/htdocs/private/Demo/Odette/GroundZero/tex vendtop.cmp
101.01.10 10:43 B d:\a Up\GroundZero\tex\vendtop.rwx <-- dev.worlds.net /home/apache/htdocs/private/Demo/Odette/GroundZero/tex vendtop.rwx
101.01.10 10:43 B d:\a Up\GroundZero\tex\vendtop2.cmp <-- dev.worlds.net /home/apache/htdocs/private/Demo/Odette/GroundZero/tex vendtop2.cmp
