Real trace of `tools/net-probe/run-gamma-main.sh` on macOS Intel (no
Xvfb/Wine, native AWT through Cocoa), portable Temurin JDK 25.0.4.1,
against a clean copy of assets/WorldsPlayer/ as the CWD (the real
worlds.ini, with RestartAt=home:GroundZero/GroundZero.world). Goal: start
NET.worlds.console.Gamma.main as it is (no argv) and see how far it gets
on a Mac today. Three independent runs (2026-09-16), the same wall in all
three. Trimmed: the repeated lines
`[NATIVE-MOCK] Transform.makeIdentity()/setGuts(...)/Material.paramChange()`
of the scene setup (default avatar/room) are collapsed, without removing
anything from the start phases (mock, cache, DNS, tables) or the final
exceptions.

== compiling the mock (--release 8) ==
737 classes compiled
== starting NET.worlds.console.Gamma (max 60s) ==
User running java version 25.0.4.1 from vendor Eclipse Adoptium
Loading: <workdir>/gamma-cwd/gamma.dll
WARNING: A restricted method in java.lang.System has been called
WARNING: java.lang.System::load has been called by NET.worlds.console.Gamma in an unnamed module
WARNING: Use --enable-native-access=ALL-UNNAMED to avoid a warning for callers in this module
[NATIVE-MOCK] gamma.dll not loaded (java.lang.UnsatisfiedLinkError: Can't load library: <workdir>/gamma-cwd/gamma.dll) - every native method now runs as a logging stub, see NET.worlds.core.NativeMock
[NATIVE-MOCK] IniFile.nativeInit()
[NATIVE-MOCK] IniFile.getIniInt(MULTIRUN, 0)
[NATIVE-MOCK] Startup.synchronizeStartup(null, false)
[NATIVE-MOCK] skipping System.loadLibrary("net") - collides with the JDK's own libnet.so on modern JDKs and crashes Swing later
[NATIVE-MOCK] Window.hookWinAPIs(winawt)
[NATIVE-MOCK] IniFile.getIniString(PRODUCT_NAME, Worlds.com - The 3D Entertainment Portal)
... (worlds.ini: splash, proxy, upgrade timeouts, DISABLESHAPER, avatar http url) ...
System Locale is es_IC
... (idiomas, InstalledWorld0..49 vacios: sin mundos instalados localmente) ...
[NATIVE-MOCK] IniFile.getIniString(file, )
Reading file:u:<workdir>/gamma-cwd/redir.txt got java.io.FileNotFoundException: ... (No such file or directory)
[NATIVE-MOCK] FastDataInput.nativeInit()
[NATIVE-MOCK] FastDataInput.read(u:<workdir>/gamma-cwd/newworld.world)
... (bundle/cursor init) ...
Loading action manager
Initializing cache...
Verifying cache was closed properly...
Marking cache as open...
Restoring cache...
java.io.FileNotFoundException: <workdir>\gamma-cwd\cachedir\cache.index (No such file or directory)
Flushing cache index.
[NATIVE-MOCK] IniFile.getIniInt(NetCacheEntries, 1000)
[NATIVE-MOCK] IniFile.getIniInt(NetCacheThreads, 2)
[NATIVE-MOCK] DNSLookup.gethostbyname(us1.worlds.net)
... (colores UI, avatar/pilot/transform init) ...
[NATIVE-MOCK] IniFile.getIniString(ServerTableFile, tables/tables.dat)
Adding table actionAliases
Adding table avatarAliases
Adding table employeeAccounts
Adding table faceList
Adding table graphicList
Adding table hiddenActions
Adding table humanHoloList
Adding table humanList
Adding table invList
Adding table permittedHoloList
Adding table permittedList
Adding table secretList
... (default avatar avatar:pengo.mov, camera, room/RoomEnvironment,
     ~8 Transform/Material.paramChange of the default room's setup,
     collapsed) ...
[NATIVE-MOCK] Window.isActivated()
[NATIVE-MOCK] IniFile.getIniInt(DISABLEACTIVEX, 0)
[NATIVE-MOCK] ActiveX.initActiveX()
[NATIVE-MOCK] ActiveX.getClassFClsID(Netscape.Registry.1, {00020400-0000-0000-C000-000000000046})
[NATIVE-MOCK] NSProtocolHandler.createLocal()
NET.worlds.console.OLEInvalidObjectException
	at NET.worlds.console.IUnknown.Release(IUnknown.java:107)
	at NET.worlds.console.Netscape.mainCallback(Netscape.java:40)
	at NET.worlds.console.Main.mainLoop(Main.java:31)
	at NET.worlds.console.Gamma.run(Gamma.java:436)
	at java.base/java.lang.Thread.run(Thread.java:1474)
NET.worlds.core.AssertionException
	at NET.worlds.core.Debug.dAssert(Debug.java:20)
	at NET.worlds.console.IUnknown.init(IUnknown.java:15)
	at NET.worlds.console.NSProtocolHandler.<init>(NSProtocolHandler.java:10)
	at NET.worlds.console.Netscape.mainCallback(Netscape.java:22)
	at NET.worlds.console.Main.mainLoop(Main.java:31)
	at NET.worlds.console.Gamma.run(Gamma.java:436)
	at java.base/java.lang.Thread.run(Thread.java:1474)
== Gamma ended by itself (no kill needed) after ~5-8s, exit=0 ==

FIRST REAL WALL (reproduced 3/3 times, 2026-09-16): while building the
default scene, mainCallback tries to bring up an embedded Netscape
ActiveX control (Netscape.mainCallback -> NSProtocolHandler ->
IUnknown.init) - a COM/ActiveX mechanism exclusive to Windows, with no
equivalent in the mock. IUnknown.init(IUnknown.java:15) opens with
Debug.dAssert(false) (the "not implemented" marker of the 90s code
itself, the same pattern as the dAssert of WorldServer.state_XMIT_SI
documented in README.md) and throws AssertionException (unchecked). It
propagates up to Netscape.mainCallback and from there to IUnknown.Release,
which in turn throws OLEInvalidObjectException while releasing an object
that was never initialized - both exceptions are printed (try/catch with
printStackTrace in the client's own code, NOT in the mock) and the
"Gamma Main" thread stays alive. The process ends by itself with exit 0
a few seconds later with no more console output: no Frame window is
visible at any point of the log (not a single "GammaFrame"/"setVisible"
before this point), so when "Gamma Main" finishes its mainCallback
iteration and no AWT window is shown holding the JVM, the process exits
cleanly as soon as the real "main" thread (blocked in Object.wait, see
below) is released.

Honest scope: this assert does NOT kill the main loop (it is caught with
try/catch in Netscape.java itself, real 2004 code, not an artefact of the
mock) and does NOT prevent the rest of the start (tables, avatar, room,
cache) from having happened correctly before. It is a real but bounded
wall: any feature that depends on that Netscape/ActiveX control (HTML
content embedded in the console, typical of the 2004 UI) will never work
through the mock without re-implementing that whole subsystem - it is not
a candidate for a mock fix (there is no "real value" to return: it is a
structural absence of COM on macOS/Linux, not a getter with a native value
to discover), documented as it is.
